Archive member included because of file (symbol)

d:/program files (x86)/microchip/xc32/v1.33/bin/bin/../../lib/gcc/pic32mx/4.5.2/../../../../pic32mx/lib\libmchp_peripheral_32MX320F128H.a(int_configure_system_lib.o)
                              build/default/production/BOARD.o (INTConfigureSystem)
d:/program files (x86)/microchip/xc32/v1.33/bin/bin/../../lib/gcc/pic32mx/4.5.2/../../../../pic32mx/lib\libmchp_peripheral_32MX320F128H.a(int_enable_interrupts_lib.o)
                              build/default/production/BOARD.o (INTEnableInterrupts)
d:/program files (x86)/microchip/xc32/v1.33/bin/bin/../../lib/gcc/pic32mx/4.5.2/../../../../pic32mx/lib\libmchp_peripheral_32MX320F128H.a(int_tbl_lib.o)
                              build/default/production/AD.o (INTClearFlag)
d:/program files (x86)/microchip/xc32/v1.33/bin/bin/../../lib/gcc/pic32mx/4.5.2/../../../../pic32mx/lib\libmchp_peripheral_32MX320F128H.a(power_sleep_lib.o)
                              build/default/production/AD.o (PowerSaveSleep)
d:/program files (x86)/microchip/xc32/v1.33/bin/bin/../../lib/gcc/pic32mx/4.5.2/../../../../pic32mx/lib\libmchp_peripheral_32MX320F128H.a(port_set_pins_digital_in_lib.o)
                              build/default/production/BOARD.o (PORTSetPinsDigitalIn)
d:/program files (x86)/microchip/xc32/v1.33/bin/bin/../../lib/gcc/pic32mx/4.5.2/../../../../pic32mx/lib\libmchp_peripheral_32MX320F128H.a(_ports_tbl_libp.o)
                              d:/program files (x86)/microchip/xc32/v1.33/bin/bin/../../lib/gcc/pic32mx/4.5.2/../../../../pic32mx/lib\libmchp_peripheral_32MX320F128H.a(port_set_pins_digital_in_lib.o) (PortRegTbl)
d:/program files (x86)/microchip/xc32/v1.33/bin/bin/../../lib/gcc/pic32mx/4.5.2/../../../../pic32mx/lib\libmchp_peripheral_32MX320F128H.a(uart_lib.o)
                              build/default/production/serial.o (UARTEnable)
d:/program files (x86)/microchip/xc32/v1.33/bin/bin/../../lib/gcc/pic32mx/4.5.2/../../../../pic32mx/lib\libmchp_peripheral_32MX320F128H.a(int_disable_interrupts_lib.o)
                              d:/program files (x86)/microchip/xc32/v1.33/bin/bin/../../lib/gcc/pic32mx/4.5.2/../../../../pic32mx/lib\libmchp_peripheral_32MX320F128H.a(power_sleep_lib.o) (INTDisableInterrupts)
d:/program files (x86)/microchip/xc32/v1.33/bin/bin/../../lib/gcc/pic32mx/4.5.2/../../../../pic32mx/lib\libmchp_peripheral_32MX320F128H.a(int_restore_interrupts_lib.o)
                              d:/program files (x86)/microchip/xc32/v1.33/bin/bin/../../lib/gcc/pic32mx/4.5.2/../../../../pic32mx/lib\libmchp_peripheral_32MX320F128H.a(power_sleep_lib.o) (INTRestoreInterrupts)
d:/program files (x86)/microchip/xc32/v1.33/bin/bin/../../lib/gcc/pic32mx/4.5.2\libgcc.a(floatunsisf.o)
                              build/default/production/AD.o (__floatunsisf)
d:/program files (x86)/microchip/xc32/v1.33/bin/bin/../../lib/gcc/pic32mx/4.5.2/../../../../pic32mx/lib\libpic32.a(memset.o)
                              build/default/production/Stack.o (memset)
d:/program files (x86)/microchip/xc32/v1.33/bin/bin/../../lib/gcc/pic32mx/4.5.2/../../../../pic32mx/lib\libpic32.a(strcpy.o)
                              build/default/production/Stack.o (strcpy)
d:/program files (x86)/microchip/xc32/v1.33/bin/bin/../../lib/gcc/pic32mx/4.5.2/../../../../pic32mx/lib\libpic32.a(strlen.o)
                              build/default/production/Stack.o (strlen)
d:/program files (x86)/microchip/xc32/v1.33/bin/bin/../../lib/gcc/pic32mx/4.5.2/../../../../pic32mx/lib\libpic32.a(default-bootstrap-exception-handler.o)
                              d:/program files (x86)/microchip/xc32/v1.33/bin/bin/../../lib/gcc/pic32mx/4.5.2/../../../../pic32mx/lib/./proc/32MX320F128H/crt0_mips32r2.o (_bootstrap_exception_handler)
d:/program files (x86)/microchip/xc32/v1.33/bin/bin/../../lib/gcc/pic32mx/4.5.2/../../../../pic32mx/lib\libpic32.a(default-on-reset.o)
                              d:/program files (x86)/microchip/xc32/v1.33/bin/bin/../../lib/gcc/pic32mx/4.5.2/../../../../pic32mx/lib/./proc/32MX320F128H/crt0_mips32r2.o (_on_reset)
d:/program files (x86)/microchip/xc32/v1.33/bin/bin/../../lib/gcc/pic32mx/4.5.2/../../../../pic32mx/lib\libpic32.a(default-on-bootstrap.o)
                              d:/program files (x86)/microchip/xc32/v1.33/bin/bin/../../lib/gcc/pic32mx/4.5.2/../../../../pic32mx/lib/./proc/32MX320F128H/crt0_mips32r2.o (_on_bootstrap)
d:/program files (x86)/microchip/xc32/v1.33/bin/bin/../../lib/gcc/pic32mx/4.5.2/../../../../pic32mx/lib\libpic32.a(default-nmi-handler.o)
                              d:/program files (x86)/microchip/xc32/v1.33/bin/bin/../../lib/gcc/pic32mx/4.5.2/../../../../pic32mx/lib/./proc/32MX320F128H/crt0_mips32r2.o (_nmi_handler)
d:/program files (x86)/microchip/xc32/v1.33/bin/bin/../../lib/gcc/pic32mx/4.5.2/../../../../pic32mx/lib\libpic32.a(general-exception.o)
[...]
Memory Configuration

Name             Origin             Length             Attributes
kseg0_program_mem 0x9d002000         0x0001d000         xr
kseg0_boot_mem   0x9d000490         0x00000970
exception_mem    0x9d001000         0x00001000
kseg1_boot_mem   0xbd000000         0x00000490
debug_exec_mem   0xbfc02000         0x00000ff0
config3          0xbfc02ff0         0x00000004
config2          0xbfc02ff4         0x00000004
config1          0xbfc02ff8         0x00000004
config0          0xbfc02ffc         0x00000004
kseg1_data_mem   0xa0000000         0x00004000         w !x
sfrs             0xbf800000         0x00100000
configsfrs       0xbfc02ff0         0x00000010
*default*        0x00000000         0xffffffff

Linker script and memory map

LOAD d:/program files (x86)/microchip/xc32/v1.33/bin/bin/../../lib/gcc/pic32mx/4.5.2/../../../../pic32mx/lib/./proc/32MX320F128H/crt0_mips32r2.o
LOAD d:/program files (x86)/microchip/xc32/v1.33/bin/bin/../../lib/gcc/pic32mx/4.5.2/../../../../pic32mx/lib\debug-exception-return.o
LOAD build/default/production/AD.o
LOAD build/default/production/BOARD.o
LOAD build/default/production/ES_Framework.o
LOAD build/default/production/IO_Ports.o
LOAD build/default/production/RoachFrameworkEvents.o
LOAD build/default/production/RoachHSM.o
LOAD build/default/production/Stack.o
LOAD build/default/production/SubHSM_GetCrown.o
LOAD build/default/production/SubHSM_GetInside.o
LOAD build/default/production/SubHSM_GetOutMoat.o
LOAD build/default/production/SubHSM_GoBeacon1.o
LOAD build/default/production/SubHSM_GoBeacon2.o
LOAD build/default/production/SubHSM_GoBeacon3.o
LOAD build/default/production/SubHSM_LocateBackWall.o
LOAD build/default/production/SubHSM_Locate_Beacon.o
LOAD build/default/production/SubHSM_ReturnCrown.o
LOAD build/default/production/pwm.o
LOAD build/default/production/roach.o
LOAD build/default/production/serial.o
LOAD build/default/production/RoachMain.o
                0x00000001                __MPLAB_BUILD = 0x1
LOAD d:/program files (x86)/microchip/xc32/v1.33/bin/bin/../../lib/gcc/pic32mx/4.5.2/../../../../pic32mx/lib/./proc/32MX320F128H\default_isr_vectors.o
LOAD d:/program files (x86)/microchip/xc32/v1.33/bin/bin/../../lib/gcc/pic32mx/4.5.2/../../../../pic32mx/lib\pic32_software_reset.o
                0x00000400                PROVIDE (_min_stack_size, 0x400)
LOAD d:/program files (x86)/microchip/xc32/v1.33/bin/bin/../../lib/gcc/pic32mx/4.5.2/../../../../pic32mx/lib/./proc/32MX320F128H\processor.o
START GROUP
LOAD d:/program files (x86)/microchip/xc32/v1.33/bin/bin/../../lib/gcc/pic32mx/4.5.2/../../../../pic32mx/lib\libmchp_peripheral.a
END GROUP
START GROUP
LOAD d:/program files (x86)/microchip/xc32/v1.33/bin/bin/../../lib/gcc/pic32mx/4.5.2/../../../../pic32mx/lib\libmchp_peripheral_32MX320F128H.a
END GROUP
                0x00000001                PROVIDE (_vector_spacing, 0x1)
                0x9d001000                _ebase_address = 0x9d001000
                0xbd000000                _RESET_ADDR = 0xbd000000
                0xbd000380                _BEV_EXCPT_ADDR = 0xbd000380
                0xbd000480                _DBG_EXCPT_ADDR = 0xbd000480
                0xbfc02000                _DBG_CODE_ADDR = 0xbfc02000
                0x00000ff0                _DBG_CODE_SIZE = 0xff0
                0x9d001180                _GEN_EXCPT_ADDR = (_ebase_address + 0x180)

.config_BFC02FF0
 *(.config_BFC02FF0)

.config_BFC02FF4
 *(.config_BFC02FF4)

.config_BFC02FF8
 *(.config_BFC02FF8)

.config_BFC02FFC
 *(.config_BFC02FFC)
                0xbfc02000                PROVIDE (_DBG_CODE_ADDR, 0xbfc02000)
                0x00000ff0                PROVIDE (_DBG_CODE_SIZE, 0xff0)

.reset          0xbd000000      0x1f0
 *(.reset)
 .reset         0xbd000000        0x8 d:/program files (x86)/microchip/xc32/v1.33/bin/bin/../../lib/gcc/pic32mx/4.5.2/../../../../pic32mx/lib/./proc/32MX320F128H/crt0_mips32r2.o
                0xbd000000                _reset
 *(.reset.startup)
 .reset.startup
                0xbd000008      0x1e8 d:/program files (x86)/microchip/xc32/v1.33/bin/bin/../../lib/gcc/pic32mx/4.5.2/../../../../pic32mx/lib/./proc/32MX320F128H/crt0_mips32r2.o

.bev_excpt      0xbd000380       0x10
 *(.bev_handler)
 .bev_handler   0xbd000380       0x10 d:/program files (x86)/microchip/xc32/v1.33/bin/bin/../../lib/gcc/pic32mx/4.5.2/../../../../pic32mx/lib/./proc/32MX320F128H/crt0_mips32r2.o

.dbg_excpt      0xbd000480        0x0
                0xbd000480                . = (. + DEFINED (_DEBUGGER)?0x8:0x0)

.dbg_code       0xbfc02000        0x0
                0xbfc02000                . = (. + DEFINED (_DEBUGGER)?_DBG_CODE_SIZE:0x0)

.app_excpt      0x9d001180       0x10
 *(.gen_handler)
 .gen_handler   0x9d001180       0x10 d:/program files (x86)/microchip/xc32/v1.33/bin/bin/../../lib/gcc/pic32mx/4.5.2/../../../../pic32mx/lib/./proc/32MX320F128H/crt0_mips32r2.o

.vector_0       0x9d001200        0x8
 *(.vector_0)
 .vector_0      0x9d001200        0x8 d:/program files (x86)/microchip/xc32/v1.33/bin/bin/../../lib/gcc/pic32mx/4.5.2/../../../../pic32mx/lib\libpic32.a(vector0.o)
                0x9d001200                __vector_dispatch_0
                0x00000001                ASSERT (((_vector_spacing == 0x0) || (SIZEOF (.vector_0) <= (_vector_spacing << 0x5))), function at exception vector 0 too large)

.vector_1       0x9d001220        0x8
 *(.vector_1)
 .vector_1      0x9d001220        0x8 d:/program files (x86)/microchip/xc32/v1.33/bin/bin/../../lib/gcc/pic32mx/4.5.2/../../../../pic32mx/lib\libpic32.a(vector1.o)
                0x9d001220                __vector_dispatch_1
                0x00000001                ASSERT (((_vector_spacing == 0x0) || (SIZEOF (.vector_1) <= (_vector_spacing << 0x5))), function at exception vector 1 too large)

.vector_2       0x9d001240        0x8
 *(.vector_2)
 .vector_2      0x9d001240        0x8 d:/program files (x86)/microchip/xc32/v1.33/bin/bin/../../lib/gcc/pic32mx/4.5.2/../../../../pic32mx/lib\libpic32.a(vector2.o)
                0x9d001240                __vector_dispatch_2
                0x00000001                ASSERT (((_vector_spacing == 0x0) || (SIZEOF (.vector_2) <= (_vector_spacing << 0x5))), function at exception vector 2 too large)

.vector_3       0x9d001260        0x8
 *(.vector_3)
 .vector_3      0x9d001260        0x8 d:/program files (x86)/microchip/xc32/v1.33/bin/bin/../../lib/gcc/pic32mx/4.5.2/../../../../pic32mx/lib\libpic32.a(vector3.o)
                0x9d001260                __vector_dispatch_3
                0x00000001                ASSERT (((_vector_spacing == 0x0) || (SIZEOF (.vector_3) <= (_vector_spacing << 0x5))), function at exception vector 3 too large)

.vector_4       0x9d001280        0x8
 *(.vector_4)
 .vector_4      0x9d001280        0x8 build/default/production/ES_Framework.o
                0x9d001280                __vector_dispatch_4
                0x00000001                ASSERT (((_vector_spacing == 0x0) || (SIZEOF (.vector_4) <= (_vector_spacing << 0x5))), function at exception vector 4 too large)

.vector_5       0x9d0012a0        0x8
 *(.vector_5)
 .vector_5      0x9d0012a0        0x8 d:/program files (x86)/microchip/xc32/v1.33/bin/bin/../../lib/gcc/pic32mx/4.5.2/../../../../pic32mx/lib\libpic32.a(vector5.o)
                0x9d0012a0                __vector_dispatch_5
                0x00000001                ASSERT (((_vector_spacing == 0x0) || (SIZEOF (.vector_5) <= (_vector_spacing << 0x5))), function at exception vector 5 too large)

.vector_6       0x9d0012c0        0x8
 *(.vector_6)
 .vector_6      0x9d0012c0        0x8 d:/program files (x86)/microchip/xc32/v1.33/bin/bin/../../lib/gcc/pic32mx/4.5.2/../../../../pic32mx/lib\libpic32.a(vector6.o)
                0x9d0012c0                __vector_dispatch_6
                0x00000001                ASSERT (((_vector_spacing == 0x0) || (SIZEOF (.vector_6) <= (_vector_spacing << 0x5))), function at exception vector 6 too large)

.vector_7       0x9d0012e0        0x8
 *(.vector_7)
 .vector_7      0x9d0012e0        0x8 d:/program files (x86)/microchip/xc32/v1.33/bin/bin/../../lib/gcc/pic32mx/4.5.2/../../../../pic32mx/lib\libpic32.a(vector7.o)
                0x9d0012e0                __vector_dispatch_7
                0x00000001                ASSERT (((_vector_spacing == 0x0) || (SIZEOF (.vector_7) <= (_vector_spacing << 0x5))), function at exception vector 7 too large)

.vector_8       0x9d001300        0x8
 *(.vector_8)
 .vector_8      0x9d001300        0x8 d:/program files (x86)/microchip/xc32/v1.33/bin/bin/../../lib/gcc/pic32mx/4.5.2/../../../../pic32mx/lib\libpic32.a(vector8.o)
                0x9d001300                __vector_dispatch_8
                0x00000001                ASSERT (((_vector_spacing == 0x0) || (SIZEOF (.vector_8) <= (_vector_spacing << 0x5))), function at exception vector 8 too large)

.vector_9       0x9d001320        0x8
 *(.vector_9)
 .vector_9      0x9d001320        0x8 d:/program files (x86)/microchip/xc32/v1.33/bin/bin/../../lib/gcc/pic32mx/4.5.2/../../../../pic32mx/lib\libpic32.a(vector9.o)
                0x9d001320                __vector_dispatch_9
                0x00000001                ASSERT (((_vector_spacing == 0x0) || (SIZEOF (.vector_9) <= (_vector_spacing << 0x5))), function at exception vector 9 too large)

.vector_10      0x9d001340        0x8
 *(.vector_10)
 .vector_10     0x9d001340        0x8 d:/program files (x86)/microchip/xc32/v1.33/bin/bin/../../lib/gcc/pic32mx/4.5.2/../../../../pic32mx/lib\libpic32.a(vector10.o)
                0x9d001340                __vector_dispatch_10
                0x00000001                ASSERT (((_vector_spacing == 0x0) || (SIZEOF (.vector_10) <= (_vector_spacing << 0x5))), function at exception vector 10 too large)

.vector_11      0x9d001360        0x8
 *(.vector_11)
 .vector_11     0x9d001360        0x8 d:/program files (x86)/microchip/xc32/v1.33/bin/bin/../../lib/gcc/pic32mx/4.5.2/../../../../pic32mx/lib\libpic32.a(vector11.o)
                0x9d001360                __vector_dispatch_11
                0x00000001                ASSERT (((_vector_spacing == 0x0) || (SIZEOF (.vector_11) <= (_vector_spacing << 0x5))), function at exception vector 11 too large)

.vector_12      0x9d001380        0x8
 *(.vector_12)
 .vector_12     0x9d001380        0x8 d:/program files (x86)/microchip/xc32/v1.33/bin/bin/../../lib/gcc/pic32mx/4.5.2/../../../../pic32mx/lib\libpic32.a(vector12.o)
                0x9d001380                __vector_dispatch_12
                0x00000001                ASSERT (((_vector_spacing == 0x0) || (SIZEOF (.vector_12) <= (_vector_spacing << 0x5))), function at exception vector 12 too large)

.vector_13      0x9d0013a0        0x8
 *(.vector_13)
 .vector_13     0x9d0013a0        0x8 d:/program files (x86)/microchip/xc32/v1.33/bin/bin/../../lib/gcc/pic32mx/4.5.2/../../../../pic32mx/lib\libpic32.a(vector13.o)
                0x9d0013a0                __vector_dispatch_13
                0x00000001                ASSERT (((_vector_spacing == 0x0) || (SIZEOF (.vector_13) <= (_vector_spacing << 0x5))), function at exception vector 13 too large)

.vector_14      0x9d0013c0        0x8
 *(.vector_14)
 .vector_14     0x9d0013c0        0x8 d:/program files (x86)/microchip/xc32/v1.33/bin/bin/../../lib/gcc/pic32mx/4.5.2/../../../../pic32mx/lib\libpic32.a(vector14.o)
                0x9d0013c0                __vector_dispatch_14
                0x00000001                ASSERT (((_vector_spacing == 0x0) || (SIZEOF (.vector_14) <= (_vector_spacing << 0x5))), function at exception vector 14 too large)

.vector_15      0x9d0013e0        0x8
 *(.vector_15)
 .vector_15     0x9d0013e0        0x8 d:/program files (x86)/microchip/xc32/v1.33/bin/bin/../../lib/gcc/pic32mx/4.5.2/../../../../pic32mx/lib\libpic32.a(vector15.o)
                0x9d0013e0                __vector_dispatch_15
                0x00000001                ASSERT (((_vector_spacing == 0x0) || (SIZEOF (.vector_15) <= (_vector_spacing << 0x5))), function at exception vector 15 too large)

.vector_16      0x9d001400        0x8
 *(.vector_16)
 .vector_16     0x9d001400        0x8 d:/program files (x86)/microchip/xc32/v1.33/bin/bin/../../lib/gcc/pic32mx/4.5.2/../../../../pic32mx/lib\libpic32.a(vector16.o)
                0x9d001400                __vector_dispatch_16
                0x00000001                ASSERT (((_vector_spacing == 0x0) || (SIZEOF (.vector_16) <= (_vector_spacing << 0x5))), function at exception vector 16 too large)

.vector_17      0x9d001420        0x8
 *(.vector_17)
 .vector_17     0x9d001420        0x8 d:/program files (x86)/microchip/xc32/v1.33/bin/bin/../../lib/gcc/pic32mx/4.5.2/../../../../pic32mx/lib\libpic32.a(vector17.o)
                0x9d001420                __vector_dispatch_17
                0x00000001                ASSERT (((_vector_spacing == 0x0) || (SIZEOF (.vector_17) <= (_vector_spacing << 0x5))), function at exception vector 17 too large)

.vector_18      0x9d001440        0x8
 *(.vector_18)
 .vector_18     0x9d001440        0x8 d:/program files (x86)/microchip/xc32/v1.33/bin/bin/../../lib/gcc/pic32mx/4.5.2/../../../../pic32mx/lib\libpic32.a(vector18.o)
                0x9d001440                __vector_dispatch_18
                0x00000001                ASSERT (((_vector_spacing == 0x0) || (SIZEOF (.vector_18) <= (_vector_spacing << 0x5))), function at exception vector 18 too large)

.vector_19      0x9d001460        0x8
 *(.vector_19)
 .vector_19     0x9d001460        0x8 d:/program files (x86)/microchip/xc32/v1.33/bin/bin/../../lib/gcc/pic32mx/4.5.2/../../../../pic32mx/lib\libpic32.a(vector19.o)
                0x9d001460                __vector_dispatch_19
                0x00000001                ASSERT (((_vector_spacing == 0x0) || (SIZEOF (.vector_19) <= (_vector_spacing << 0x5))), function at exception vector 19 too large)

.vector_20      0x9d001480        0x8
 *(.vector_20)
 .vector_20     0x9d001480        0x8 d:/program files (x86)/microchip/xc32/v1.33/bin/bin/../../lib/gcc/pic32mx/4.5.2/../../../../pic32mx/lib\libpic32.a(vector20.o)
                0x9d001480                __vector_dispatch_20
                0x00000001                ASSERT (((_vector_spacing == 0x0) || (SIZEOF (.vector_20) <= (_vector_spacing << 0x5))), function at exception vector 20 too large)

.vector_21      0x9d0014a0        0x8
 *(.vector_21)
 .vector_21     0x9d0014a0        0x8 d:/program files (x86)/microchip/xc32/v1.33/bin/bin/../../lib/gcc/pic32mx/4.5.2/../../../../pic32mx/lib\libpic32.a(vector21.o)
                0x9d0014a0                __vector_dispatch_21
                0x00000001                ASSERT (((_vector_spacing == 0x0) || (SIZEOF (.vector_21) <= (_vector_spacing << 0x5))), function at exception vector 21 too large)

.vector_22      0x9d0014c0        0x8
 *(.vector_22)
 .vector_22     0x9d0014c0        0x8 d:/program files (x86)/microchip/xc32/v1.33/bin/bin/../../lib/gcc/pic32mx/4.5.2/../../../../pic32mx/lib\libpic32.a(vector22.o)
                0x9d0014c0                __vector_dispatch_22
                0x00000001                ASSERT (((_vector_spacing == 0x0) || (SIZEOF (.vector_22) <= (_vector_spacing << 0x5))), function at exception vector 22 too large)

.vector_23      0x9d0014e0        0x8
 *(.vector_23)
 .vector_23     0x9d0014e0        0x8 d:/program files (x86)/microchip/xc32/v1.33/bin/bin/../../lib/gcc/pic32mx/4.5.2/../../../../pic32mx/lib\libpic32.a(vector23.o)
                0x9d0014e0                __vector_dispatch_23
                0x00000001                ASSERT (((_vector_spacing == 0x0) || (SIZEOF (.vector_23) <= (_vector_spacing << 0x5))), function at exception vector 23 too large)

.vector_24      0x9d001500        0x8
 *(.vector_24)
 .vector_24     0x9d001500        0x8 build/default/production/serial.o
                0x9d001500                __vector_dispatch_24
                0x00000001                ASSERT (((_vector_spacing == 0x0) || (SIZEOF (.vector_24) <= (_vector_spacing << 0x5))), function at exception vector 24 too large)

.vector_25      0x9d001520        0x8
 *(.vector_25)
 .vector_25     0x9d001520        0x8 d:/program files (x86)/microchip/xc32/v1.33/bin/bin/../../lib/gcc/pic32mx/4.5.2/../../../../pic32mx/lib\libpic32.a(vector25.o)
                0x9d001520                __vector_dispatch_25
                0x00000001                ASSERT (((_vector_spacing == 0x0) || (SIZEOF (.vector_25) <= (_vector_spacing << 0x5))), function at exception vector 25 too large)

.vector_26      0x9d001540        0x8
 *(.vector_26)
 .vector_26     0x9d001540        0x8 d:/program files (x86)/microchip/xc32/v1.33/bin/bin/../../lib/gcc/pic32mx/4.5.2/../../../../pic32mx/lib\libpic32.a(vector26.o)
                0x9d001540                __vector_dispatch_26
                0x00000001                ASSERT (((_vector_spacing == 0x0) || (SIZEOF (.vector_26) <= (_vector_spacing << 0x5))), function at exception vector 26 too large)

.vector_27      0x9d001560        0x8
 *(.vector_27)
 .vector_27     0x9d001560        0x8 build/default/production/AD.o
                0x9d001560                __vector_dispatch_27
                0x00000001                ASSERT (((_vector_spacing == 0x0) || (SIZEOF (.vector_27) <= (_vector_spacing << 0x5))), function at exception vector 27 too large)

.vector_28      0x9d001580        0x8
 *(.vector_28)
 .vector_28     0x9d001580        0x8 d:/program files (x86)/microchip/xc32/v1.33/bin/bin/../../lib/gcc/pic32mx/4.5.2/../../../../pic32mx/lib\libpic32.a(vector28.o)
                0x9d001580                __vector_dispatch_28
                0x00000001                ASSERT (((_vector_spacing == 0x0) || (SIZEOF (.vector_28) <= (_vector_spacing << 0x5))), function at exception vector 28 too large)

.vector_29      0x9d0015a0        0x8
 *(.vector_29)
 .vector_29     0x9d0015a0        0x8 d:/program files (x86)/microchip/xc32/v1.33/bin/bin/../../lib/gcc/pic32mx/4.5.2/../../../../pic32mx/lib\libpic32.a(vector29.o)
                0x9d0015a0                __vector_dispatch_29
                0x00000001                ASSERT (((_vector_spacing == 0x0) || (SIZEOF (.vector_29) <= (_vector_spacing << 0x5))), function at exception vector 29 too large)

.vector_30      0x9d0015c0        0x8
 *(.vector_30)
 .vector_30     0x9d0015c0        0x8 d:/program files (x86)/microchip/xc32/v1.33/bin/bin/../../lib/gcc/pic32mx/4.5.2/../../../../pic32mx/lib\libpic32.a(vector30.o)
                0x9d0015c0                __vector_dispatch_30
                0x00000001                ASSERT (((_vector_spacing == 0x0) || (SIZEOF (.vector_30) <= (_vector_spacing << 0x5))), function at exception vector 30 too large)

.vector_31      0x9d0015e0        0x8
 *(.vector_31)
 .vector_31     0x9d0015e0        0x8 d:/program files (x86)/microchip/xc32/v1.33/bin/bin/../../lib/gcc/pic32mx/4.5.2/../../../../pic32mx/lib\libpic32.a(vector31.o)
                0x9d0015e0                __vector_dispatch_31
                0x00000001                ASSERT (((_vector_spacing == 0x0) || (SIZEOF (.vector_31) <= (_vector_spacing << 0x5))), function at exception vector 31 too large)

.vector_32      0x9d001600        0x8
 *(.vector_32)
 .vector_32     0x9d001600        0x8 d:/program files (x86)/microchip/xc32/v1.33/bin/bin/../../lib/gcc/pic32mx/4.5.2/../../../../pic32mx/lib\libpic32.a(vector32.o)
                0x9d001600                __vector_dispatch_32
                0x00000001                ASSERT (((_vector_spacing == 0x0) || (SIZEOF (.vector_32) <= (_vector_spacing << 0x5))), function at exception vector 32 too large)

.vector_33      0x9d001620        0x8
 *(.vector_33)
 .vector_33     0x9d001620        0x8 d:/program files (x86)/microchip/xc32/v1.33/bin/bin/../../lib/gcc/pic32mx/4.5.2/../../../../pic32mx/lib\libpic32.a(vector33.o)
                0x9d001620                __vector_dispatch_33
                0x00000001                ASSERT (((_vector_spacing == 0x0) || (SIZEOF (.vector_33) <= (_vector_spacing << 0x5))), function at exception vector 33 too large)

.vector_34      0x9d001640        0x8
 *(.vector_34)
 .vector_34     0x9d001640        0x8 d:/program files (x86)/microchip/xc32/v1.33/bin/bin/../../lib/gcc/pic32mx/4.5.2/../../../../pic32mx/lib\libpic32.a(vector34.o)
                0x9d001640                __vector_dispatch_34
                0x00000001                ASSERT (((_vector_spacing == 0x0) || (SIZEOF (.vector_34) <= (_vector_spacing << 0x5))), function at exception vector 34 too large)

.vector_35      0x9d001660        0x8
 *(.vector_35)
 .vector_35     0x9d001660        0x8 d:/program files (x86)/microchip/xc32/v1.33/bin/bin/../../lib/gcc/pic32mx/4.5.2/../../../../pic32mx/lib\libpic32.a(vector35.o)
                0x9d001660                __vector_dispatch_35
                0x00000001                ASSERT (((_vector_spacing == 0x0) || (SIZEOF (.vector_35) <= (_vector_spacing << 0x5))), function at exception vector 35 too large)

.vector_36      0x9d001680        0x8
 *(.vector_36)
 .vector_36     0x9d001680        0x8 d:/program files (x86)/microchip/xc32/v1.33/bin/bin/../../lib/gcc/pic32mx/4.5.2/../../../../pic32mx/lib\libpic32.a(vector36.o)
                0x9d001680                __vector_dispatch_36
                0x00000001                ASSERT (((_vector_spacing == 0x0) || (SIZEOF (.vector_36) <= (_vector_spacing << 0x5))), function at exception vector 36 too large)

.vector_37      0x9d0016a0        0x8
 *(.vector_37)
 .vector_37     0x9d0016a0        0x8 d:/program files (x86)/microchip/xc32/v1.33/bin/bin/../../lib/gcc/pic32mx/4.5.2/../../../../pic32mx/lib\libpic32.a(vector37.o)
                0x9d0016a0                __vector_dispatch_37
                0x00000001                ASSERT (((_vector_spacing == 0x0) || (SIZEOF (.vector_37) <= (_vector_spacing << 0x5))), function at exception vector 37 too large)

.vector_38      0x9d0016c0        0x8
 *(.vector_38)
 .vector_38     0x9d0016c0        0x8 d:/program files (x86)/microchip/xc32/v1.33/bin/bin/../../lib/gcc/pic32mx/4.5.2/../../../../pic32mx/lib\libpic32.a(vector38.o)
                0x9d0016c0                __vector_dispatch_38
                0x00000001                ASSERT (((_vector_spacing == 0x0) || (SIZEOF (.vector_38) <= (_vector_spacing << 0x5))), function at exception vector 38 too large)

.vector_39      0x9d0016e0        0x8
 *(.vector_39)
 .vector_39     0x9d0016e0        0x8 d:/program files (x86)/microchip/xc32/v1.33/bin/bin/../../lib/gcc/pic32mx/4.5.2/../../../../pic32mx/lib\libpic32.a(vector39.o)
                0x9d0016e0                __vector_dispatch_39
                0x00000001                ASSERT (((_vector_spacing == 0x0) || (SIZEOF (.vector_39) <= (_vector_spacing << 0x5))), function at exception vector 39 too large)

.vector_40      0x9d001700        0x8
 *(.vector_40)
 .vector_40     0x9d001700        0x8 d:/program files (x86)/microchip/xc32/v1.33/bin/bin/../../lib/gcc/pic32mx/4.5.2/../../../../pic32mx/lib\libpic32.a(vector40.o)
                0x9d001700                __vector_dispatch_40
                0x00000001                ASSERT (((_vector_spacing == 0x0) || (SIZEOF (.vector_40) <= (_vector_spacing << 0x5))), function at exception vector 40 too large)

.vector_41      0x9d001720        0x8
 *(.vector_41)
 .vector_41     0x9d001720        0x8 d:/program files (x86)/microchip/xc32/v1.33/bin/bin/../../lib/gcc/pic32mx/4.5.2/../../../../pic32mx/lib\libpic32.a(vector41.o)
                0x9d001720                __vector_dispatch_41
                0x00000001                ASSERT (((_vector_spacing == 0x0) || (SIZEOF (.vector_41) <= (_vector_spacing << 0x5))), function at exception vector 41 too large)

.vector_42      0x9d001740        0x8
 *(.vector_42)
 .vector_42     0x9d001740        0x8 d:/program files (x86)/microchip/xc32/v1.33/bin/bin/../../lib/gcc/pic32mx/4.5.2/../../../../pic32mx/lib\libpic32.a(vector42.o)
                0x9d001740                __vector_dispatch_42
                0x00000001                ASSERT (((_vector_spacing == 0x0) || (SIZEOF (.vector_42) <= (_vector_spacing << 0x5))), function at exception vector 42 too large)

.vector_43      0x9d001760        0x8
 *(.vector_43)
 .vector_43     0x9d001760        0x8 d:/program files (x86)/microchip/xc32/v1.33/bin/bin/../../lib/gcc/pic32mx/4.5.2/../../../../pic32mx/lib\libpic32.a(vector43.o)
                0x9d001760                __vector_dispatch_43
                0x00000001                ASSERT (((_vector_spacing == 0x0) || (SIZEOF (.vector_43) <= (_vector_spacing << 0x5))), function at exception vector 43 too large)

.vector_44      0x9d001780        0x8
 *(.vector_44)
 .vector_44     0x9d001780        0x8 d:/program files (x86)/microchip/xc32/v1.33/bin/bin/../../lib/gcc/pic32mx/4.5.2/../../../../pic32mx/lib\libpic32.a(vector44.o)
                0x9d001780                __vector_dispatch_44
                0x00000001                ASSERT (((_vector_spacing == 0x0) || (SIZEOF (.vector_44) <= (_vector_spacing << 0x5))), function at exception vector 44 too large)

.vector_45      0x9d0017a0        0x8
 *(.vector_45)
 .vector_45     0x9d0017a0        0x8 d:/program files (x86)/microchip/xc32/v1.33/bin/bin/../../lib/gcc/pic32mx/4.5.2/../../../../pic32mx/lib\libpic32.a(vector45.o)
                0x9d0017a0                __vector_dispatch_45
                0x00000001                ASSERT (((_vector_spacing == 0x0) || (SIZEOF (.vector_45) <= (_vector_spacing << 0x5))), function at exception vector 45 too large)

.vector_46      0x9d0017c0        0x8
 *(.vector_46)
 .vector_46     0x9d0017c0        0x8 d:/program files (x86)/microchip/xc32/v1.33/bin/bin/../../lib/gcc/pic32mx/4.5.2/../../../../pic32mx/lib\libpic32.a(vector46.o)
                0x9d0017c0                __vector_dispatch_46
                0x00000001                ASSERT (((_vector_spacing == 0x0) || (SIZEOF (.vector_46) <= (_vector_spacing << 0x5))), function at exception vector 46 too large)

.vector_47      0x9d0017e0        0x8
 *(.vector_47)
 .vector_47     0x9d0017e0        0x8 d:/program files (x86)/microchip/xc32/v1.33/bin/bin/../../lib/gcc/pic32mx/4.5.2/../../../../pic32mx/lib\libpic32.a(vector47.o)
                0x9d0017e0                __vector_dispatch_47
                0x00000001                ASSERT (((_vector_spacing == 0x0) || (SIZEOF (.vector_47) <= (_vector_spacing << 0x5))), function at exception vector 47 too large)

.vector_48      0x9d001800        0x8
 *(.vector_48)
 .vector_48     0x9d001800        0x8 d:/program files (x86)/microchip/xc32/v1.33/bin/bin/../../lib/gcc/pic32mx/4.5.2/../../../../pic32mx/lib\libpic32.a(vector48.o)
                0x9d001800                __vector_dispatch_48
                0x00000001                ASSERT (((_vector_spacing == 0x0) || (SIZEOF (.vector_48) <= (_vector_spacing << 0x5))), function at exception vector 48 too large)

.vector_49      0x9d001820        0x8
 *(.vector_49)
 .vector_49     0x9d001820        0x8 d:/program files (x86)/microchip/xc32/v1.33/bin/bin/../../lib/gcc/pic32mx/4.5.2/../../../../pic32mx/lib\libpic32.a(vector49.o)
                0x9d001820                __vector_dispatch_49
                0x00000001                ASSERT (((_vector_spacing == 0x0) || (SIZEOF (.vector_49) <= (_vector_spacing << 0x5))), function at exception vector 49 too large)

.vector_50      0x9d001840        0x8
 *(.vector_50)
 .vector_50     0x9d001840        0x8 d:/program files (x86)/microchip/xc32/v1.33/bin/bin/../../lib/gcc/pic32mx/4.5.2/../../../../pic32mx/lib\libpic32.a(vector50.o)
                0x9d001840                __vector_dispatch_50
                0x00000001                ASSERT (((_vector_spacing == 0x0) || (SIZEOF (.vector_50) <= (_vector_spacing << 0x5))), function at exception vector 50 too large)

.vector_51      0x9d001860        0x8
 *(.vector_51)
 .vector_51     0x9d001860        0x8 d:/program files (x86)/microchip/xc32/v1.33/bin/bin/../../lib/gcc/pic32mx/4.5.2/../../../../pic32mx/lib\libpic32.a(vector51.o)
                0x9d001860                __vector_dispatch_51
                0x00000001                ASSERT (((_vector_spacing == 0x0) || (SIZEOF (.vector_51) <= (_vector_spacing << 0x5))), function at exception vector 51 too large)

.vector_52      0x9d001880        0x8
 *(.vector_52)
 .vector_52     0x9d001880        0x8 d:/program files (x86)/microchip/xc32/v1.33/bin/bin/../../lib/gcc/pic32mx/4.5.2/../../../../pic32mx/lib\libpic32.a(vector52.o)
                0x9d001880                __vector_dispatch_52
                0x00000001                ASSERT (((_vector_spacing == 0x0) || (SIZEOF (.vector_52) <= (_vector_spacing << 0x5))), function at exception vector 52 too large)

.vector_53      0x9d0018a0        0x8
 *(.vector_53)
 .vector_53     0x9d0018a0        0x8 d:/program files (x86)/microchip/xc32/v1.33/bin/bin/../../lib/gcc/pic32mx/4.5.2/../../../../pic32mx/lib\libpic32.a(vector53.o)
                0x9d0018a0                __vector_dispatch_53
                0x00000001                ASSERT (((_vector_spacing == 0x0) || (SIZEOF (.vector_53) <= (_vector_spacing << 0x5))), function at exception vector 53 too large)

.vector_54      0x9d0018c0        0x8
 *(.vector_54)
 .vector_54     0x9d0018c0        0x8 d:/program files (x86)/microchip/xc32/v1.33/bin/bin/../../lib/gcc/pic32mx/4.5.2/../../../../pic32mx/lib\libpic32.a(vector54.o)
                0x9d0018c0                __vector_dispatch_54
                0x00000001                ASSERT (((_vector_spacing == 0x0) || (SIZEOF (.vector_54) <= (_vector_spacing << 0x5))), function at exception vector 54 too large)

.vector_55      0x9d0018e0        0x8
 *(.vector_55)
 .vector_55     0x9d0018e0        0x8 d:/program files (x86)/microchip/xc32/v1.33/bin/bin/../../lib/gcc/pic32mx/4.5.2/../../../../pic32mx/lib\libpic32.a(vector55.o)
                0x9d0018e0                __vector_dispatch_55
                0x00000001                ASSERT (((_vector_spacing == 0x0) || (SIZEOF (.vector_55) <= (_vector_spacing << 0x5))), function at exception vector 55 too large)

.vector_56      0x9d001900        0x8
 *(.vector_56)
 .vector_56     0x9d001900        0x8 d:/program files (x86)/microchip/xc32/v1.33/bin/bin/../../lib/gcc/pic32mx/4.5.2/../../../../pic32mx/lib\libpic32.a(vector56.o)
                0x9d001900                __vector_dispatch_56
                0x00000001                ASSERT (((_vector_spacing == 0x0) || (SIZEOF (.vector_56) <= (_vector_spacing << 0x5))), function at exception vector 56 too large)

.vector_57      0x9d001920        0x8
 *(.vector_57)
 .vector_57     0x9d001920        0x8 d:/program files (x86)/microchip/xc32/v1.33/bin/bin/../../lib/gcc/pic32mx/4.5.2/../../../../pic32mx/lib\libpic32.a(vector57.o)
                0x9d001920                __vector_dispatch_57
                0x00000001                ASSERT (((_vector_spacing == 0x0) || (SIZEOF (.vector_57) <= (_vector_spacing << 0x5))), function at exception vector 57 too large)

.vector_58      0x9d001940        0x8
 *(.vector_58)
 .vector_58     0x9d001940        0x8 d:/program files (x86)/microchip/xc32/v1.33/bin/bin/../../lib/gcc/pic32mx/4.5.2/../../../../pic32mx/lib\libpic32.a(vector58.o)
                0x9d001940                __vector_dispatch_58
                0x00000001                ASSERT (((_vector_spacing == 0x0) || (SIZEOF (.vector_58) <= (_vector_spacing << 0x5))), function at exception vector 58 too large)

.vector_59      0x9d001960        0x8
 *(.vector_59)
 .vector_59     0x9d001960        0x8 d:/program files (x86)/microchip/xc32/v1.33/bin/bin/../../lib/gcc/pic32mx/4.5.2/../../../../pic32mx/lib\libpic32.a(vector59.o)
                0x9d001960                __vector_dispatch_59
                0x00000001                ASSERT (((_vector_spacing == 0x0) || (SIZEOF (.vector_59) <= (_vector_spacing << 0x5))), function at exception vector 59 too large)

.vector_60      0x9d001980        0x8
 *(.vector_60)
 .vector_60     0x9d001980        0x8 d:/program files (x86)/microchip/xc32/v1.33/bin/bin/../../lib/gcc/pic32mx/4.5.2/../../../../pic32mx/lib\libpic32.a(vector60.o)
                0x9d001980                __vector_dispatch_60
                0x00000001                ASSERT (((_vector_spacing == 0x0) || (SIZEOF (.vector_60) <= (_vector_spacing << 0x5))), function at exception vector 60 too large)

.vector_61      0x9d0019a0        0x8
 *(.vector_61)
 .vector_61     0x9d0019a0        0x8 d:/program files (x86)/microchip/xc32/v1.33/bin/bin/../../lib/gcc/pic32mx/4.5.2/../../../../pic32mx/lib\libpic32.a(vector61.o)
                0x9d0019a0                __vector_dispatch_61
                0x00000001                ASSERT (((_vector_spacing == 0x0) || (SIZEOF (.vector_61) <= (_vector_spacing << 0x5))), function at exception vector 61 too large)

.vector_62      0x9d0019c0        0x8
 *(.vector_62)
 .vector_62     0x9d0019c0        0x8 d:/program files (x86)/microchip/xc32/v1.33/bin/bin/../../lib/gcc/pic32mx/4.5.2/../../../../pic32mx/lib\libpic32.a(vector62.o)
                0x9d0019c0                __vector_dispatch_62
                0x00000001                ASSERT (((_vector_spacing == 0x0) || (SIZEOF (.vector_62) <= (_vector_spacing << 0x5))), function at exception vector 62 too large)

.vector_63      0x9d0019e0        0x8
 *(.vector_63)
 .vector_63     0x9d0019e0        0x8 d:/program files (x86)/microchip/xc32/v1.33/bin/bin/../../lib/gcc/pic32mx/4.5.2/../../../../pic32mx/lib\libpic32.a(vector63.o)
                0x9d0019e0                __vector_dispatch_63
                0x00000001                ASSERT (((_vector_spacing == 0x0) || (SIZEOF (.vector_63) <= (_vector_spacing << 0x5))), function at exception vector 63 too large)

.startup
 *(.startup)

.text           0x9d002000        0x0
 *(.stub .gnu.linkonce.t.*)
 *(.text.*personality*)
 *(.mips16.fn.*)
 *(.mips16.call.*)
 *(.gnu.warning)
                0x9d002000                . = ALIGN (0x4)

.init           0x9d002000        0x0
 *crti.o(.init)
 *crtbegin.o(.init)
 *(EXCLUDE_FILE(*crtn.o *crtend?.o *crtend.o) .init)
 *crtend.o(.init)
 *crtn.o(.init)
                0x9d002000                . = ALIGN (0x4)

.fini           0x9d002000        0x0
 *(.fini)
                0x9d002000                . = ALIGN (0x4)

.preinit_array  0x9d002000        0x0
                0x9d002000                PROVIDE (__preinit_array_start, .)
 *(.preinit_array)
                0x9d002000                PROVIDE (__preinit_array_end, .)
                0x9d002000                . = ALIGN (0x4)

.init_array     0x9d002000        0x0
                0x9d002000                PROVIDE (__init_array_start, .)
 *(SORT(.init_array.*))
 *(.init_array)
                0x9d002000                PROVIDE (__init_array_end, .)
                0x9d002000                . = ALIGN (0x4)

.fini_array     0x9d002000        0x0
                0x9d002000                PROVIDE (__fini_array_start, .)
 *(SORT(.fini_array.*))
 *(.fini_array)
                0x9d002000                PROVIDE (__fini_array_end, .)
                0x9d002000                . = ALIGN (0x4)

.ctors          0x9d002000        0x0
 *crtbegin.o(.ctors)
 *crtbegin?.o(.ctors)
 *(EXCLUDE_FILE(*crtend?.o *crtend.o) .ctors)
 *(SORT(.ctors.*))
 *(.ctors)
                0x9d002000                . = ALIGN (0x4)

.dtors          0x9d002000        0x0
 *crtbegin.o(.dtors)
 *crtbegin?.o(.dtors)
 *(EXCLUDE_FILE(*crtend?.o *crtend.o) .dtors)
 *(SORT(.dtors.*))
 *(.dtors)
                0x9d002000                . = ALIGN (0x4)

.rodata         0x9d002000        0x0
 *(.gnu.linkonce.r.*)
 *(.rodata1)
                0x9d002000                . = ALIGN (0x4)

.sdata2         0x9d000490        0x0
 *(.sdata2 .sdata2.* .gnu.linkonce.s2.*)
                0x9d000490                . = ALIGN (0x4)

.sbss2          0x9d000490        0x0
 *(.sbss2 .sbss2.* .gnu.linkonce.sb2.*)
                0x9d000490                . = ALIGN (0x4)

.eh_frame_hdr
 *(.eh_frame_hdr)
                0x9d000490                . = ALIGN (0x4)

.eh_frame
 *(.eh_frame)
                0x9d000490                . = ALIGN (0x4)

.gcc_except_table
 *(.gcc_except_table .gcc_except_table.*)
                0x9d000490                . = ALIGN (0x4)

.dbg_data       0xa0000000        0x0
                0xa0000000                . = (. + DEFINED (_DEBUGGER)?0x200:0x0)

.jcr            0xa0000000        0x0
 *(.jcr)
                0xa0000000                . = ALIGN (0x4)

.eh_frame       0xa0000000       0x30
 *(.eh_frame)
 .eh_frame      0xa0000000       0x20 d:/program files (x86)/microchip/xc32/v1.33/bin/bin/../../lib/gcc/pic32mx/4.5.2\libgcc.a(_udivdi3.o)
 .eh_frame      0xa0000020       0x10 d:/program files (x86)/microchip/xc32/v1.33/bin/bin/../../lib/gcc/pic32mx/4.5.2\libgcc.a(_umoddi3.o)
                0xa0000030                . = ALIGN (0x4)

.gcc_except_table
 *(.gcc_except_table .gcc_except_table.*)
                0xa0000030                . = ALIGN (0x4)

.persist        0xa0000030        0x0
                0xa0000030                _persist_begin = .
 *(.persist .persist.*)
 *(.pbss .pbss.*)
                0xa0000030                . = ALIGN (0x4)
                0xa0000030                _persist_end = .

.data           0xa0000030        0x0
 *(.gnu.linkonce.d.*)
 *(.data1)
                0xa0000030                . = ALIGN (0x4)
                0xa0000030                . = .
                0xa0008020                _gp = (ALIGN (0x10) + 0x7ff0)

.got            0xa0000030        0x0
 *(.got.plt)
 *(.got)
                0xa0000030                . = ALIGN (0x4)

.sdata          0xa0000030       0x20
                0xa0000030                _sdata_begin = .
 *(.sdata .sdata.* .gnu.linkonce.s.*)
 .sdata         0xa0000030        0x8 build/default/production/AD.o
 .sdata         0xa0000038        0x1 build/default/production/RoachFrameworkEvents.o
 *fill*         0xa0000039        0x3 
 .sdata         0xa000003c        0x8 build/default/production/SubHSM_GetOutMoat.o
 .sdata         0xa0000044        0x4 build/default/production/SubHSM_GoBeacon3.o
 .sdata         0xa0000048        0x3 build/default/production/roach.o
 *fill*         0xa000004b        0x1 
 .sdata         0xa000004c        0x4 d:/program files (x86)/microchip/xc32/v1.33/bin/bin/../../lib/gcc/pic32mx/4.5.2/../../../../pic32mx/lib\libc.a(_iob.o)
                0xa000004c                _Files
                0xa0000050                . = ALIGN (0x4)
                0xa0000050                _sdata_end = .

.lit8
 *(.lit8)

.lit4
 *(.lit4)
                0xa0000050                . = ALIGN (0x4)
                0xa0000050                _data_end = .
                0xa0000050                _bss_begin = .

.sbss           0xa0000050      0x148
                0xa0000050                _sbss_begin = .
 *(.dynsbss)
 *(.sbss .sbss.* .gnu.linkonce.sb.*)
 .sbss          0xa0000050       0x28 build/default/production/AD.o
 .sbss          0xa0000078       0x48 build/default/production/ES_Framework.o
 .sbss          0xa00000c0        0x6 build/default/production/RoachFrameworkEvents.o
 *fill*         0xa00000c6        0x2 
 .sbss          0xa00000c8        0x8 build/default/production/RoachHSM.o
 .sbss          0xa00000d0       0x10 build/default/production/SubHSM_GetCrown.o
 .sbss          0xa00000e0        0xc build/default/production/SubHSM_GetInside.o
 .sbss          0xa00000ec        0x8 build/default/production/SubHSM_GetOutMoat.o
 .sbss          0xa00000f4       0x1c build/default/production/SubHSM_GoBeacon1.o
 .sbss          0xa0000110       0x10 build/default/production/SubHSM_GoBeacon2.o
 .sbss          0xa0000120       0x18 build/default/production/SubHSM_GoBeacon3.o
 .sbss          0xa0000138        0xc build/default/production/SubHSM_LocateBackWall.o
 .sbss          0xa0000144       0x10 build/default/production/SubHSM_Locate_Beacon.o
 .sbss          0xa0000154       0x18 build/default/production/SubHSM_ReturnCrown.o
 .sbss          0xa000016c       0x10 build/default/production/pwm.o
 .sbss          0xa000017c        0xc build/default/production/roach.o
 .sbss          0xa0000188        0x4 build/default/production/serial.o
 .sbss          0xa000018c        0x1 d:/program files (x86)/microchip/xc32/v1.33/bin/bin/../../lib/gcc/pic32mx/4.5.2/../../../../pic32mx/lib\libc.a(_iob.o)
                0xa000018c                _outdone
 *(.scommon)
 .scommon       0xa000018d        0x1 build/default/production/ES_Framework.o
                0xa000018d                Ready
 .scommon       0xa000018e        0x2 build/default/production/SubHSM_GoBeacon1.o
                0xa000018e                t_forwardCenter
 .scommon       0xa0000190        0x0 build/default/production/SubHSM_GoBeacon3.o
 .scommon       0xa0000190        0x8 build/default/production/serial.o
                0xa0000190                transmitBuffer
                0xa0000194                receiveBuffer
                0xa0000198                _sbss_end = .
                0xa0000198                . = ALIGN (0x4)

.bss            0xa0000198      0x420
 *(.dynbss)
 *(COMMON)
 COMMON         0xa0000198      0x420 build/default/production/serial.o
                0xa0000198                outgoingUart
                0xa00003a8                incomingUart
                0xa00005b8                . = ALIGN ((. != 0x0)?0x4:0x1)
                0xa00005b8                . = ALIGN (0x4)
                0xa00005b8                _end = .
                0xa00005b8                _bss_end = .
                0x00004000                _bmxdudba_address = 0x4000
                0x00004000                _bmxdupba_address = 0x4000

/DISCARD/
 *(.pdr)
 *(.rel.dyn)
 *(.note.GNU-stack)
 *(.note.GNU-stack)
 *(.gnu_debuglink)
 *(.gnu.lto_*)
 *(.discard)

.gptab.sdata
 *(.gptab.data)
 *(.gptab.sdata)

.gptab.sbss
 *(.gptab.bss)
 *(.gptab.sbss)

.mdebug.abi32   0xa00005b8        0x0
 *(.mdebug.abi32)
 .mdebug.abi32  0xa00005b8        0x0 build/default/production/AD.o
 .mdebug.abi32  0xa00005b8        0x0 build/default/production/BOARD.o
 .mdebug.abi32  0xa00005b8        0x0 build/default/production/ES_Framework.o
 .mdebug.abi32  0xa00005b8        0x0 build/default/production/IO_Ports.o
 .mdebug.abi32  0xa00005b8        0x0 build/default/production/RoachFrameworkEvents.o
 .mdebug.abi32  0xa00005b8        0x0 build/default/production/RoachHSM.o
 .mdebug.abi32  0xa00005b8        0x0 build/default/production/Stack.o
 .mdebug.abi32  0xa00005b8        0x0 build/default/production/SubHSM_GetCrown.o
 .mdebug.abi32  0xa00005b8        0x0 build/default/production/SubHSM_GetInside.o
 .mdebug.abi32  0xa00005b8        0x0 build/default/production/SubHSM_GetOutMoat.o
 .mdebug.abi32  0xa00005b8        0x0 build/default/production/SubHSM_GoBeacon1.o
 .mdebug.abi32  0xa00005b8        0x0 build/default/production/SubHSM_GoBeacon2.o
 .mdebug.abi32  0xa00005b8        0x0 build/default/production/SubHSM_GoBeacon3.o
 .mdebug.abi32  0xa00005b8        0x0 build/default/production/SubHSM_LocateBackWall.o
 .mdebug.abi32  0xa00005b8        0x0 build/default/production/SubHSM_Locate_Beacon.o
 .mdebug.abi32  0xa00005b8        0x0 build/default/production/SubHSM_ReturnCrown.o
 .mdebug.abi32  0xa00005b8        0x0 build/default/production/pwm.o
 .mdebug.abi32  0xa00005b8        0x0 build/default/production/roach.o
 .mdebug.abi32  0xa00005b8        0x0 build/default/production/serial.o
 .mdebug.abi32  0xa00005b8        0x0 build/default/production/RoachMain.o
 .mdebug.abi32  0xa00005b8        0x0 d:/program files (x86)/microchip/xc32/v1.33/bin/bin/../../lib/gcc/pic32mx/4.5.2/../../../../pic32mx/lib\libmchp_peripheral_32MX320F128H.a(int_configure_system_lib.o)
 .mdebug.abi32  0xa00005b8        0x0 d:/program files (x86)/microchip/xc32/v1.33/bin/bin/../../lib/gcc/pic32mx/4.5.2/../../../../pic32mx/lib\libmchp_peripheral_32MX320F128H.a(int_enable_interrupts_lib.o)
 .mdebug.abi32  0xa00005b8        0x0 d:/program files (x86)/microchip/xc32/v1.33/bin/bin/../../lib/gcc/pic32mx/4.5.2/../../../../pic32mx/lib\libmchp_peripheral_32MX320F128H.a(int_tbl_lib.o)
 .mdebug.abi32  0xa00005b8        0x0 d:/program files (x86)/microchip/xc32/v1.33/bin/bin/../../lib/gcc/pic32mx/4.5.2/../../../../pic32mx/lib\libmchp_peripheral_32MX320F128H.a(power_sleep_lib.o)
 .mdebug.abi32  0xa00005b8        0x0 d:/program files (x86)/microchip/xc32/v1.33/bin/bin/../../lib/gcc/pic32mx/4.5.2/../../../../pic32mx/lib\libmchp_peripheral_32MX320F128H.a(port_set_pins_digital_in_lib.o)
 .mdebug.abi32  0xa00005b8        0x0 d:/program files (x86)/microchip/xc32/v1.33/bin/bin/../../lib/gcc/pic32mx/4.5.2/../../../../pic32mx/lib\libmchp_peripheral_32MX320F128H.a(_ports_tbl_libp.o)
 .mdebug.abi32  0xa00005b8        0x0 d:/program files (x86)/microchip/xc32/v1.33/bin/bin/../../lib/gcc/pic32mx/4.5.2/../../../../pic32mx/lib\libmchp_peripheral_32MX320F128H.a(uart_lib.o)
 .mdebug.abi32  0xa00005b8        0x0 d:/program files (x86)/microchip/xc32/v1.33/bin/bin/../../lib/gcc/pic32mx/4.5.2/../../../../pic32mx/lib\libmchp_peripheral_32MX320F128H.a(int_disable_interrupts_lib.o)
 .mdebug.abi32  0xa00005b8        0x0 d:/program files (x86)/microchip/xc32/v1.33/bin/bin/../../lib/gcc/pic32mx/4.5.2/../../../../pic32mx/lib\libmchp_peripheral_32MX320F128H.a(int_restore_interrupts_lib.o)
 .mdebug.abi32  0xa00005b8        0x0 d:/program files (x86)/microchip/xc32/v1.33/bin/bin/../../lib/gcc/pic32mx/4.5.2\libgcc.a(floatunsisf.o)
 .mdebug.abi32  0xa00005b8        0x0 d:/program files (x86)/microchip/xc32/v1.33/bin/bin/../../lib/gcc/pic32mx/4.5.2/../../../../pic32mx/lib\libpic32.a(default-bootstrap-exception-handler.o)
 .mdebug.abi32  0xa00005b8        0x0 d:/program files (x86)/microchip/xc32/v1.33/bin/bin/../../lib/gcc/pic32mx/4.5.2/../../../../pic32mx/lib\libpic32.a(default-on-reset.o)
 .mdebug.abi32  0xa00005b8        0x0 d:/program files (x86)/microchip/xc32/v1.33/bin/bin/../../lib/gcc/pic32mx/4.5.2/../../../../pic32mx/lib\libpic32.a(default-on-bootstrap.o)
 .mdebug.abi32  0xa00005b8        0x0 d:/program files (x86)/microchip/xc32/v1.33/bin/bin/../../lib/gcc/pic32mx/4.5.2/../../../../pic32mx/lib\libpic32.a(default-general-exception-handler.o)
 .mdebug.abi32  0xa00005b8        0x0 d:/program files (x86)/microchip/xc32/v1.33/bin/bin/../../lib/gcc/pic32mx/4.5.2/../../../../pic32mx/lib\libpic32.a(defaultinterrupt.o)
 .mdebug.abi32  0xa00005b8        0x0 d:/program files (x86)/microchip/xc32/v1.33/bin/bin/../../lib/gcc/pic32mx/4.5.2/../../../../pic32mx/lib\libc.a(atoi.o)
 .mdebug.abi32  0xa00005b8        0x0 d:/program files (x86)/microchip/xc32/v1.33/bin/bin/../../lib/gcc/pic32mx/4.5.2/../../../../pic32mx/lib\libc.a(ctype.o)
 .mdebug.abi32  0xa00005b8        0x0 d:/program files (x86)/microchip/xc32/v1.33/bin/bin/../../lib/gcc/pic32mx/4.5.2/../../../../pic32mx/lib\libc.a(putchar.o)
 .mdebug.abi32  0xa00005b8        0x0 d:/program files (x86)/microchip/xc32/v1.33/bin/bin/../../lib/gcc/pic32mx/4.5.2/../../../../pic32mx/lib\libc.a(puts.o)
 .mdebug.abi32  0xa00005b8        0x0 d:/program files (x86)/microchip/xc32/v1.33/bin/bin/../../lib/gcc/pic32mx/4.5.2/../../../../pic32mx/lib\libc.a(strncpy.o)
 .mdebug.abi32  0xa00005b8        0x0 d:/program files (x86)/microchip/xc32/v1.33/bin/bin/../../lib/gcc/pic32mx/4.5.2/../../../../pic32mx/lib\libc.a(strtok.o)
 .mdebug.abi32  0xa00005b8        0x0 d:/program files (x86)/microchip/xc32/v1.33/bin/bin/../../lib/gcc/pic32mx/4.5.2/../../../../pic32mx/lib\libc.a(printf_cdnopsuxX.eo)
 .mdebug.abi32  0xa00005b8        0x0 d:/program files (x86)/microchip/xc32/v1.33/bin/bin/../../lib/gcc/pic32mx/4.5.2/../../../../pic32mx/lib\libc.a(sprintf_cdfFnopuxX.eo)
 .mdebug.abi32  0xa00005b8        0x0 d:/program files (x86)/microchip/xc32/v1.33/bin/bin/../../lib/gcc/pic32mx/4.5.2/../../../../pic32mx/lib\libc.a(_iob.o)
 .mdebug.abi32  0xa00005b8        0x0 d:/program files (x86)/microchip/xc32/v1.33/bin/bin/../../lib/gcc/pic32mx/4.5.2/../../../../pic32mx/lib\libc.a(_fputc_simple.o)
 .mdebug.abi32  0xa00005b8        0x0 d:/program files (x86)/microchip/xc32/v1.33/bin/bin/../../lib/gcc/pic32mx/4.5.2/../../../../pic32mx/lib\libc.a(strcspn.o)
 .mdebug.abi32  0xa00005b8        0x0 d:/program files (x86)/microchip/xc32/v1.33/bin/bin/../../lib/gcc/pic32mx/4.5.2/../../../../pic32mx/lib\libc.a(strspn.o)
 .mdebug.abi32  0xa00005b8        0x0 d:/program files (x86)/microchip/xc32/v1.33/bin/bin/../../lib/gcc/pic32mx/4.5.2/../../../../pic32mx/lib\libc.a(_flsbuf_simple.o)
 .mdebug.abi32  0xa00005b8        0x0 d:/program files (x86)/microchip/xc32/v1.33/bin/bin/../../lib/gcc/pic32mx/4.5.2/../../../../pic32mx/lib\libc.a(powersf.o)
 .mdebug.abi32  0xa00005b8        0x0 d:/program files (x86)/microchip/xc32/v1.33/bin/bin/../../lib/gcc/pic32mx/4.5.2/../../../../pic32mx/lib\libc.a(strchr.o)
 .mdebug.abi32  0xa00005b8        0x0 d:/program files (x86)/microchip/xc32/v1.33/bin/bin/../../lib/gcc/pic32mx/4.5.2/../../../../pic32mx/lib\libpic32.a(write.o)
 .mdebug.abi32  0xa00005b8        0x0 d:/program files (x86)/microchip/xc32/v1.33/bin/bin/../../lib/gcc/pic32mx/4.5.2/../../../../pic32mx/lib\libe.a(_floatdisf.o)
 .mdebug.abi32  0xa00005b8        0x0 d:/program files (x86)/microchip/xc32/v1.33/bin/bin/../../lib/gcc/pic32mx/4.5.2\libgcc.a(_floatundisf.o)
 .mdebug.abi32  0xa00005b8        0x0 d:/program files (x86)/microchip/xc32/v1.33/bin/bin/../../lib/gcc/pic32mx/4.5.2\libgcc.a(_udivdi3.o)
 .mdebug.abi32  0xa00005b8        0x0 d:/program files (x86)/microchip/xc32/v1.33/bin/bin/../../lib/gcc/pic32mx/4.5.2\libgcc.a(_umoddi3.o)
 .mdebug.abi32  0xa00005b8        0x0 d:/program files (x86)/microchip/xc32/v1.33/bin/bin/../../lib/gcc/pic32mx/4.5.2/../../../../pic32mx/lib\libc.a(doprnt_cdfFnopsuxX.eo)

.mdebug.abiN32
 *(.mdebug.abiN32)

.mdebug.abi64
 *(.mdebug.abi64)

.mdebug.abiO64
 *(.mdebug.abiO64)

.mdebug.eabi32
 *(.mdebug.eabi32)

.mdebug.eabi64
 *(.mdebug.eabi64)

.gcc_compiled_long32
 *(.gcc_compiled_long32)

.gcc_compiled_long64
 *(.gcc_compiled_long64)

.stab
 *(.stab)

.stabstr
 *(.stabstr)

.stab.excl
 *(.stab.excl)

.stab.exclstr
 *(.stab.exclstr)

.stab.index
 *(.stab.index)

.stab.indexstr
 *(.stab.indexstr)

.comment        0x00000000      0x1ae
 *(.comment)
 .comment       0x00000000       0x3c build/default/production/AD.o
                                 0x3d (size before relaxing)
 .comment       0x00000000       0x3d build/default/production/BOARD.o
 .comment       0x00000000       0x3d build/default/production/ES_Framework.o
 .comment       0x00000000       0x3d build/default/production/IO_Ports.o
 .comment       0x00000000       0x3d build/default/production/RoachFrameworkEvents.o
 .comment       0x00000000       0x3d build/default/production/RoachHSM.o
 .comment       0x00000000       0x3d build/default/production/Stack.o
 .comment       0x00000000       0x3d build/default/production/SubHSM_GetCrown.o
 .comment       0x00000000       0x3d build/default/production/SubHSM_GetInside.o
 .comment       0x00000000       0x3d build/default/production/SubHSM_GetOutMoat.o
 .comment       0x00000000       0x3d build/default/production/SubHSM_GoBeacon1.o
 .comment       0x00000000       0x3d build/default/production/SubHSM_GoBeacon2.o
 .comment       0x00000000       0x3d build/default/production/SubHSM_GoBeacon3.o
 .comment       0x00000000       0x3d build/default/production/SubHSM_LocateBackWall.o
 .comment       0x00000000       0x3d build/default/production/SubHSM_Locate_Beacon.o
 .comment       0x00000000       0x3d build/default/production/SubHSM_ReturnCrown.o
 .comment       0x00000000       0x3d build/default/production/pwm.o
 .comment       0x00000000       0x3d build/default/production/roach.o
 .comment       0x00000000       0x3d build/default/production/serial.o
 .comment       0x00000000       0x3d build/default/production/RoachMain.o
 .comment       0x0000003c       0x3c d:/program files (x86)/microchip/xc32/v1.33/bin/bin/../../lib/gcc/pic32mx/4.5.2/../../../../pic32mx/lib\libmchp_peripheral_32MX320F128H.a(int_configure_system_lib.o)
                                 0x3d (size before relaxing)
 .comment       0x00000000       0x3d d:/program files (x86)/microchip/xc32/v1.33/bin/bin/../../lib/gcc/pic32mx/4.5.2/../../../../pic32mx/lib\libmchp_peripheral_32MX320F128H.a(int_enable_interrupts_lib.o)
 .comment       0x00000000       0x3d d:/program files (x86)/microchip/xc32/v1.33/bin/bin/../../lib/gcc/pic32mx/4.5.2/../../../../pic32mx/lib\libmchp_peripheral_32MX320F128H.a(int_tbl_lib.o)
 .comment       0x00000000       0x3d d:/program files (x86)/microchip/xc32/v1.33/bin/bin/../../lib/gcc/pic32mx/4.5.2/../../../../pic32mx/lib\libmchp_peripheral_32MX320F128H.a(power_sleep_lib.o)
 .comment       0x00000000       0x3d d:/program files (x86)/microchip/xc32/v1.33/bin/bin/../../lib/gcc/pic32mx/4.5.2/../../../../pic32mx/lib\libmchp_peripheral_32MX320F128H.a(port_set_pins_digital_in_lib.o)
 .comment       0x00000000       0x3d d:/program files (x86)/microchip/xc32/v1.33/bin/bin/../../lib/gcc/pic32mx/4.5.2/../../../../pic32mx/lib\libmchp_peripheral_32MX320F128H.a(_ports_tbl_libp.o)
 .comment       0x00000000       0x3d d:/program files (x86)/microchip/xc32/v1.33/bin/bin/../../lib/gcc/pic32mx/4.5.2/../../../../pic32mx/lib\libmchp_peripheral_32MX320F128H.a(uart_lib.o)
 .comment       0x00000000       0x3d d:/program files (x86)/microchip/xc32/v1.33/bin/bin/../../lib/gcc/pic32mx/4.5.2/../../../../pic32mx/lib\libmchp_peripheral_32MX320F128H.a(int_disable_interrupts_lib.o)
 .comment       0x00000000       0x3d d:/program files (x86)/microchip/xc32/v1.33/bin/bin/../../lib/gcc/pic32mx/4.5.2/../../../../pic32mx/lib\libmchp_peripheral_32MX320F128H.a(int_restore_interrupts_lib.o)
 .comment       0x00000000       0x3d d:/program files (x86)/microchip/xc32/v1.33/bin/bin/../../lib/gcc/pic32mx/4.5.2\libgcc.a(floatunsisf.o)
 .comment       0x00000078       0x18 d:/program files (x86)/microchip/xc32/v1.33/bin/bin/../../lib/gcc/pic32mx/4.5.2/../../../../pic32mx/lib\libpic32.a(memset.o)
                                 0x19 (size before relaxing)
 .comment       0x00000090       0x19 d:/program files (x86)/microchip/xc32/v1.33/bin/bin/../../lib/gcc/pic32mx/4.5.2/../../../../pic32mx/lib\libpic32.a(strcpy.o)
                                 0x1a (size before relaxing)
 .comment       0x000000a9       0x19 d:/program files (x86)/microchip/xc32/v1.33/bin/bin/../../lib/gcc/pic32mx/4.5.2/../../../../pic32mx/lib\libpic32.a(strlen.o)
                                 0x1a (size before relaxing)
 .comment       0x00000000       0x3d d:/program files (x86)/microchip/xc32/v1.33/bin/bin/../../lib/gcc/pic32mx/4.5.2/../../../../pic32mx/lib\libpic32.a(default-bootstrap-exception-handler.o)
 .comment       0x00000000       0x3d d:/program files (x86)/microchip/xc32/v1.33/bin/bin/../../lib/gcc/pic32mx/4.5.2/../../../../pic32mx/lib\libpic32.a(default-on-reset.o)
 .comment       0x00000000       0x3d d:/program files (x86)/microchip/xc32/v1.33/bin/bin/../../lib/gcc/pic32mx/4.5.2/../../../../pic32mx/lib\libpic32.a(default-on-bootstrap.o)
 .comment       0x00000000       0x3d d:/program files (x86)/microchip/xc32/v1.33/bin/bin/../../lib/gcc/pic32mx/4.5.2/../../../../pic32mx/lib\libpic32.a(default-general-exception-handler.o)
 .comment       0x00000000       0x3d d:/program files (x86)/microchip/xc32/v1.33/bin/bin/../../lib/gcc/pic32mx/4.5.2/../../../../pic32mx/lib\libpic32.a(defaultinterrupt.o)
 .comment       0x00000000       0x3d d:/program files (x86)/microchip/xc32/v1.33/bin/bin/../../lib/gcc/pic32mx/4.5.2/../../../../pic32mx/lib\libc.a(atoi.o)
 .comment       0x000000c2       0x4e d:/program files (x86)/microchip/xc32/v1.33/bin/bin/../../lib/gcc/pic32mx/4.5.2/../../../../pic32mx/lib\libc.a(ctype.o)
                                 0x8b (size before relaxing)
 .comment       0x00000000       0x3d d:/program files (x86)/microchip/xc32/v1.33/bin/bin/../../lib/gcc/pic32mx/4.5.2/../../../../pic32mx/lib\libc.a(putchar.o)
 .comment       0x00000000       0x3d d:/program files (x86)/microchip/xc32/v1.33/bin/bin/../../lib/gcc/pic32mx/4.5.2/../../../../pic32mx/lib\libc.a(puts.o)
 .comment       0x00000000       0x3d d:/program files (x86)/microchip/xc32/v1.33/bin/bin/../../lib/gcc/pic32mx/4.5.2/../../../../pic32mx/lib\libc.a(strncpy.o)
 .comment       0x00000000       0x3d d:/program files (x86)/microchip/xc32/v1.33/bin/bin/../../lib/gcc/pic32mx/4.5.2/../../../../pic32mx/lib\libc.a(strtok.o)
 .comment       0x00000000       0x3d d:/program files (x86)/microchip/xc32/v1.33/bin/bin/../../lib/gcc/pic32mx/4.5.2/../../../../pic32mx/lib\libc.a(printf_cdnopsuxX.eo)
 .comment       0x00000000       0x3d d:/program files (x86)/microchip/xc32/v1.33/bin/bin/../../lib/gcc/pic32mx/4.5.2/../../../../pic32mx/lib\libc.a(sprintf_cdfFnopuxX.eo)
 .comment       0x00000000       0x3d d:/program files (x86)/microchip/xc32/v1.33/bin/bin/../../lib/gcc/pic32mx/4.5.2/../../../../pic32mx/lib\libc.a(_iob.o)
 .comment       0x00000000       0x3d d:/program files (x86)/microchip/xc32/v1.33/bin/bin/../../lib/gcc/pic32mx/4.5.2/../../../../pic32mx/lib\libc.a(_fputc_simple.o)
 .comment       0x00000000       0x3d d:/program files (x86)/microchip/xc32/v1.33/bin/bin/../../lib/gcc/pic32mx/4.5.2/../../../../pic32mx/lib\libc.a(strcspn.o)
 .comment       0x00000000       0x3d d:/program files (x86)/microchip/xc32/v1.33/bin/bin/../../lib/gcc/pic32mx/4.5.2/../../../../pic32mx/lib\libc.a(strspn.o)
 .comment       0x00000000       0x3d d:/program files (x86)/microchip/xc32/v1.33/bin/bin/../../lib/gcc/pic32mx/4.5.2/../../../../pic32mx/lib\libc.a(_flsbuf_simple.o)
 .comment       0x00000000       0x3d d:/program files (x86)/microchip/xc32/v1.33/bin/bin/../../lib/gcc/pic32mx/4.5.2/../../../../pic32mx/lib\libc.a(powersf.o)
 .comment       0x00000000       0x3d d:/program files (x86)/microchip/xc32/v1.33/bin/bin/../../lib/gcc/pic32mx/4.5.2/../../../../pic32mx/lib\libc.a(strchr.o)
 .comment       0x00000000       0x3d d:/program files (x86)/microchip/xc32/v1.33/bin/bin/../../lib/gcc/pic32mx/4.5.2/../../../../pic32mx/lib\libpic32.a(write.o)
 .comment       0x00000110       0x9e d:/program files (x86)/microchip/xc32/v1.33/bin/bin/../../lib/gcc/pic32mx/4.5.2/../../../../pic32mx/lib\libe.a(_floatdisf.o)
                                 0xdb (size before relaxing)
 .comment       0x00000000       0x3d d:/program files (x86)/microchip/xc32/v1.33/bin/bin/../../lib/gcc/pic32mx/4.5.2\libgcc.a(_floatundisf.o)
 .comment       0x00000000       0x3d d:/program files (x86)/microchip/xc32/v1.33/bin/bin/../../lib/gcc/pic32mx/4.5.2\libgcc.a(_udivdi3.o)
 .comment       0x00000000       0x3d d:/program files (x86)/microchip/xc32/v1.33/bin/bin/../../lib/gcc/pic32mx/4.5.2\libgcc.a(_umoddi3.o)
 .comment       0x00000000       0x3d d:/program files (x86)/microchip/xc32/v1.33/bin/bin/../../lib/gcc/pic32mx/4.5.2/../../../../pic32mx/lib\libc.a(doprnt_cdfFnopsuxX.eo)

.debug
 *(.debug)

.line
 *(.line)

.debug_srcinfo
 *(.debug_srcinfo)

.debug_sfnames
 *(.debug_sfnames)

.debug_aranges  0x00000000      0x708
 *(.debug_aranges)
 .debug_aranges
                0x00000000       0x20 build/default/production/AD.o
 .debug_aranges
                0x00000020       0x20 build/default/production/BOARD.o
 .debug_aranges
                0x00000040       0x20 build/default/production/ES_Framework.o
 .debug_aranges
                0x00000060       0x20 build/default/production/IO_Ports.o
 .debug_aranges
                0x00000080       0x20 build/default/production/RoachFrameworkEvents.o
 .debug_aranges
                0x000000a0       0x20 build/default/production/RoachHSM.o
 .debug_aranges
                0x000000c0       0x20 build/default/production/Stack.o
 .debug_aranges
                0x000000e0       0x20 build/default/production/SubHSM_GetCrown.o
 .debug_aranges
                0x00000100       0x20 build/default/production/SubHSM_GetInside.o
 .debug_aranges
                0x00000120       0x20 build/default/production/SubHSM_GetOutMoat.o
 .debug_aranges
                0x00000140       0x20 build/default/production/SubHSM_GoBeacon1.o
 .debug_aranges
                0x00000160       0x20 build/default/production/SubHSM_GoBeacon2.o
 .debug_aranges
                0x00000180       0x20 build/default/production/SubHSM_GoBeacon3.o
 .debug_aranges
                0x000001a0       0x20 build/default/production/SubHSM_LocateBackWall.o
 .debug_aranges
                0x000001c0       0x20 build/default/production/SubHSM_Locate_Beacon.o
 .debug_aranges
                0x000001e0       0x20 build/default/production/SubHSM_ReturnCrown.o
 .debug_aranges
                0x00000200       0x20 build/default/production/pwm.o
 .debug_aranges
                0x00000220       0x20 build/default/production/roach.o
 .debug_aranges
                0x00000240       0x20 build/default/production/serial.o
 .debug_aranges
                0x00000260       0x20 build/default/production/RoachMain.o
 .debug_aranges
                0x00000280       0x20 d:/program files (x86)/microchip/xc32/v1.33/bin/bin/../../lib/gcc/pic32mx/4.5.2/../../../../pic32mx/lib\libmchp_peripheral_32MX320F128H.a(int_configure_system_lib.o)
 .debug_aranges
                0x000002a0       0x20 d:/program files (x86)/microchip/xc32/v1.33/bin/bin/../../lib/gcc/pic32mx/4.5.2/../../../../pic32mx/lib\libmchp_peripheral_32MX320F128H.a(int_enable_interrupts_lib.o)
 .debug_aranges
                0x000002c0       0x60 d:/program files (x86)/microchip/xc32/v1.33/bin/bin/../../lib/gcc/pic32mx/4.5.2/../../../../pic32mx/lib\libmchp_peripheral_32MX320F128H.a(int_tbl_lib.o)
 .debug_aranges
                0x00000320       0x20 d:/program files (x86)/microchip/xc32/v1.33/bin/bin/../../lib/gcc/pic32mx/4.5.2/../../../../pic32mx/lib\libmchp_peripheral_32MX320F128H.a(power_sleep_lib.o)
 .debug_aranges
                0x00000340       0x20 d:/program files (x86)/microchip/xc32/v1.33/bin/bin/../../lib/gcc/pic32mx/4.5.2/../../../../pic32mx/lib\libmchp_peripheral_32MX320F128H.a(port_set_pins_digital_in_lib.o)
 .debug_aranges
                0x00000360       0x58 d:/program files (x86)/microchip/xc32/v1.33/bin/bin/../../lib/gcc/pic32mx/4.5.2/../../../../pic32mx/lib\libmchp_peripheral_32MX320F128H.a(uart_lib.o)
 .debug_aranges
                0x000003b8       0x20 d:/program files (x86)/microchip/xc32/v1.33/bin/bin/../../lib/gcc/pic32mx/4.5.2/../../../../pic32mx/lib\libmchp_peripheral_32MX320F128H.a(int_disable_interrupts_lib.o)
 .debug_aranges
                0x000003d8       0x20 d:/program files (x86)/microchip/xc32/v1.33/bin/bin/../../lib/gcc/pic32mx/4.5.2/../../../../pic32mx/lib\libmchp_peripheral_32MX320F128H.a(int_restore_interrupts_lib.o)
 .debug_aranges
                0x000003f8       0x20 d:/program files (x86)/microchip/xc32/v1.33/bin/bin/../../lib/gcc/pic32mx/4.5.2\libgcc.a(floatunsisf.o)
 .debug_aranges
                0x00000418       0x20 d:/program files (x86)/microchip/xc32/v1.33/bin/bin/../../lib/gcc/pic32mx/4.5.2/../../../../pic32mx/lib\libpic32.a(default-bootstrap-exception-handler.o)
 .debug_aranges
                0x00000438       0x20 d:/program files (x86)/microchip/xc32/v1.33/bin/bin/../../lib/gcc/pic32mx/4.5.2/../../../../pic32mx/lib\libpic32.a(default-on-reset.o)
 .debug_aranges
                0x00000458       0x20 d:/program files (x86)/microchip/xc32/v1.33/bin/bin/../../lib/gcc/pic32mx/4.5.2/../../../../pic32mx/lib\libpic32.a(default-on-bootstrap.o)
 .debug_aranges
                0x00000478       0x20 d:/program files (x86)/microchip/xc32/v1.33/bin/bin/../../lib/gcc/pic32mx/4.5.2/../../../../pic32mx/lib\libpic32.a(default-general-exception-handler.o)
 .debug_aranges
                0x00000498       0x20 d:/program files (x86)/microchip/xc32/v1.33/bin/bin/../../lib/gcc/pic32mx/4.5.2/../../../../pic32mx/lib\libpic32.a(defaultinterrupt.o)
 .debug_aranges
                0x000004b8       0x20 d:/program files (x86)/microchip/xc32/v1.33/bin/bin/../../lib/gcc/pic32mx/4.5.2/../../../../pic32mx/lib\libc.a(atoi.o)
 .debug_aranges
                0x000004d8       0x20 d:/program files (x86)/microchip/xc32/v1.33/bin/bin/../../lib/gcc/pic32mx/4.5.2/../../../../pic32mx/lib\libc.a(putchar.o)
 .debug_aranges
                0x000004f8       0x28 d:/program files (x86)/microchip/xc32/v1.33/bin/bin/../../lib/gcc/pic32mx/4.5.2/../../../../pic32mx/lib\libc.a(puts.o)
 .debug_aranges
                0x00000520       0x20 d:/program files (x86)/microchip/xc32/v1.33/bin/bin/../../lib/gcc/pic32mx/4.5.2/../../../../pic32mx/lib\libc.a(strncpy.o)
 .debug_aranges
                0x00000540       0x20 d:/program files (x86)/microchip/xc32/v1.33/bin/bin/../../lib/gcc/pic32mx/4.5.2/../../../../pic32mx/lib\libc.a(strtok.o)
 .debug_aranges
                0x00000560       0x20 d:/program files (x86)/microchip/xc32/v1.33/bin/bin/../../lib/gcc/pic32mx/4.5.2/../../../../pic32mx/lib\libc.a(printf_cdnopsuxX.eo)
 .debug_aranges
                0x00000580       0x20 d:/program files (x86)/microchip/xc32/v1.33/bin/bin/../../lib/gcc/pic32mx/4.5.2/../../../../pic32mx/lib\libc.a(sprintf_cdfFnopuxX.eo)
 .debug_aranges
                0x000005a0       0x20 d:/program files (x86)/microchip/xc32/v1.33/bin/bin/../../lib/gcc/pic32mx/4.5.2/../../../../pic32mx/lib\libc.a(_fputc_simple.o)
 .debug_aranges
                0x000005c0       0x20 d:/program files (x86)/microchip/xc32/v1.33/bin/bin/../../lib/gcc/pic32mx/4.5.2/../../../../pic32mx/lib\libc.a(strcspn.o)
 .debug_aranges
                0x000005e0       0x20 d:/program files (x86)/microchip/xc32/v1.33/bin/bin/../../lib/gcc/pic32mx/4.5.2/../../../../pic32mx/lib\libc.a(strspn.o)
 .debug_aranges
                0x00000600       0x20 d:/program files (x86)/microchip/xc32/v1.33/bin/bin/../../lib/gcc/pic32mx/4.5.2/../../../../pic32mx/lib\libc.a(_flsbuf_simple.o)
 .debug_aranges
                0x00000620       0x20 d:/program files (x86)/microchip/xc32/v1.33/bin/bin/../../lib/gcc/pic32mx/4.5.2/../../../../pic32mx/lib\libc.a(strchr.o)
 .debug_aranges
                0x00000640       0x20 d:/program files (x86)/microchip/xc32/v1.33/bin/bin/../../lib/gcc/pic32mx/4.5.2/../../../../pic32mx/lib\libpic32.a(write.o)
 .debug_aranges
                0x00000660       0x20 d:/program files (x86)/microchip/xc32/v1.33/bin/bin/../../lib/gcc/pic32mx/4.5.2/../../../../pic32mx/lib\libe.a(_floatdisf.o)
 .debug_aranges
                0x00000680       0x20 d:/program files (x86)/microchip/xc32/v1.33/bin/bin/../../lib/gcc/pic32mx/4.5.2\libgcc.a(_floatundisf.o)
 .debug_aranges
                0x000006a0       0x20 d:/program files (x86)/microchip/xc32/v1.33/bin/bin/../../lib/gcc/pic32mx/4.5.2\libgcc.a(_udivdi3.o)
 .debug_aranges
                0x000006c0       0x20 d:/program files (x86)/microchip/xc32/v1.33/bin/bin/../../lib/gcc/pic32mx/4.5.2\libgcc.a(_umoddi3.o)
 .debug_aranges
                0x000006e0       0x28 d:/program files (x86)/microchip/xc32/v1.33/bin/bin/../../lib/gcc/pic32mx/4.5.2/../../../../pic32mx/lib\libc.a(doprnt_cdfFnopsuxX.eo)

.debug_pubnames
                0x00000000     0x11f3
 *(.debug_pubnames)
 .debug_pubnames
                0x00000000       0xa4 build/default/production/AD.o
 .debug_pubnames
                0x000000a4       0x44 build/default/production/BOARD.o
 .debug_pubnames
                0x000000e8      0x2b3 build/default/production/ES_Framework.o
 .debug_pubnames
                0x0000039b      0x144 build/default/production/IO_Ports.o
 .debug_pubnames
                0x000004df       0x93 build/default/production/RoachFrameworkEvents.o
 .debug_pubnames
                0x00000572       0x56 build/default/production/RoachHSM.o
 .debug_pubnames
                0x000005c8       0x7f build/default/production/Stack.o
 .debug_pubnames
                0x00000647       0x3f build/default/production/SubHSM_GetCrown.o
 .debug_pubnames
                0x00000686       0x41 build/default/production/SubHSM_GetInside.o
 .debug_pubnames
                0x000006c7       0x43 build/default/production/SubHSM_GetOutMoat.o
 .debug_pubnames
                0x0000070a       0x55 build/default/production/SubHSM_GoBeacon1.o
 .debug_pubnames
                0x0000075f       0x41 build/default/production/SubHSM_GoBeacon2.o
 .debug_pubnames
                0x000007a0       0x55 build/default/production/SubHSM_GoBeacon3.o
 .debug_pubnames
                0x000007f5       0x4b build/default/production/SubHSM_LocateBackWall.o
 .debug_pubnames
                0x00000840       0x47 build/default/production/SubHSM_Locate_Beacon.o
 .debug_pubnames
                0x00000887       0x45 build/default/production/SubHSM_ReturnCrown.o
 .debug_pubnames
                0x000008cc       0xb3 build/default/production/pwm.o
 .debug_pubnames
                0x0000097f      0x130 build/default/production/roach.o
 .debug_pubnames
                0x00000aaf      0x176 build/default/production/serial.o
 .debug_pubnames
                0x00000c25       0x1b build/default/production/RoachMain.o
 .debug_pubnames
                0x00000c40       0x29 d:/program files (x86)/microchip/xc32/v1.33/bin/bin/../../lib/gcc/pic32mx/4.5.2/../../../../pic32mx/lib\libmchp_peripheral_32MX320F128H.a(int_configure_system_lib.o)
 .debug_pubnames
                0x00000c69       0x2a d:/program files (x86)/microchip/xc32/v1.33/bin/bin/../../lib/gcc/pic32mx/4.5.2/../../../../pic32mx/lib\libmchp_peripheral_32MX320F128H.a(int_enable_interrupts_lib.o)
 .debug_pubnames
                0x00000c93       0xca d:/program files (x86)/microchip/xc32/v1.33/bin/bin/../../lib/gcc/pic32mx/4.5.2/../../../../pic32mx/lib\libmchp_peripheral_32MX320F128H.a(int_tbl_lib.o)
 .debug_pubnames
                0x00000d5d       0x25 d:/program files (x86)/microchip/xc32/v1.33/bin/bin/../../lib/gcc/pic32mx/4.5.2/../../../../pic32mx/lib\libmchp_peripheral_32MX320F128H.a(power_sleep_lib.o)
 .debug_pubnames
                0x00000d82       0x2b d:/program files (x86)/microchip/xc32/v1.33/bin/bin/../../lib/gcc/pic32mx/4.5.2/../../../../pic32mx/lib\libmchp_peripheral_32MX320F128H.a(port_set_pins_digital_in_lib.o)
 .debug_pubnames
                0x00000dad       0xb1 d:/program files (x86)/microchip/xc32/v1.33/bin/bin/../../lib/gcc/pic32mx/4.5.2/../../../../pic32mx/lib\libmchp_peripheral_32MX320F128H.a(uart_lib.o)
 .debug_pubnames
                0x00000e5e       0x2b d:/program files (x86)/microchip/xc32/v1.33/bin/bin/../../lib/gcc/pic32mx/4.5.2/../../../../pic32mx/lib\libmchp_peripheral_32MX320F128H.a(int_disable_interrupts_lib.o)
 .debug_pubnames
                0x00000e89       0x2b d:/program files (x86)/microchip/xc32/v1.33/bin/bin/../../lib/gcc/pic32mx/4.5.2/../../../../pic32mx/lib\libmchp_peripheral_32MX320F128H.a(int_restore_interrupts_lib.o)
 .debug_pubnames
                0x00000eb4       0x24 d:/program files (x86)/microchip/xc32/v1.33/bin/bin/../../lib/gcc/pic32mx/4.5.2\libgcc.a(floatunsisf.o)
 .debug_pubnames
                0x00000ed8       0x33 d:/program files (x86)/microchip/xc32/v1.33/bin/bin/../../lib/gcc/pic32mx/4.5.2/../../../../pic32mx/lib\libpic32.a(default-bootstrap-exception-handler.o)
 .debug_pubnames
                0x00000f0b       0x20 d:/program files (x86)/microchip/xc32/v1.33/bin/bin/../../lib/gcc/pic32mx/4.5.2/../../../../pic32mx/lib\libpic32.a(default-on-reset.o)
 .debug_pubnames
                0x00000f2b       0x24 d:/program files (x86)/microchip/xc32/v1.33/bin/bin/../../lib/gcc/pic32mx/4.5.2/../../../../pic32mx/lib\libpic32.a(default-on-bootstrap.o)
 .debug_pubnames
                0x00000f4f       0x31 d:/program files (x86)/microchip/xc32/v1.33/bin/bin/../../lib/gcc/pic32mx/4.5.2/../../../../pic32mx/lib\libpic32.a(default-general-exception-handler.o)
 .debug_pubnames
                0x00000f80       0x28 d:/program files (x86)/microchip/xc32/v1.33/bin/bin/../../lib/gcc/pic32mx/4.5.2/../../../../pic32mx/lib\libpic32.a(defaultinterrupt.o)
 .debug_pubnames
                0x00000fa8       0x1b d:/program files (x86)/microchip/xc32/v1.33/bin/bin/../../lib/gcc/pic32mx/4.5.2/../../../../pic32mx/lib\libc.a(atoi.o)
 .debug_pubnames
                0x00000fc3       0x1e d:/program files (x86)/microchip/xc32/v1.33/bin/bin/../../lib/gcc/pic32mx/4.5.2/../../../../pic32mx/lib\libc.a(putchar.o)
 .debug_pubnames
                0x00000fe1       0x25 d:/program files (x86)/microchip/xc32/v1.33/bin/bin/../../lib/gcc/pic32mx/4.5.2/../../../../pic32mx/lib\libc.a(puts.o)
 .debug_pubnames
                0x00001006       0x1e d:/program files (x86)/microchip/xc32/v1.33/bin/bin/../../lib/gcc/pic32mx/4.5.2/../../../../pic32mx/lib\libc.a(strncpy.o)
 .debug_pubnames
                0x00001024       0x1d d:/program files (x86)/microchip/xc32/v1.33/bin/bin/../../lib/gcc/pic32mx/4.5.2/../../../../pic32mx/lib\libc.a(strtok.o)
 .debug_pubnames
                0x00001041       0x28 d:/program files (x86)/microchip/xc32/v1.33/bin/bin/../../lib/gcc/pic32mx/4.5.2/../../../../pic32mx/lib\libc.a(printf_cdnopsuxX.eo)
 .debug_pubnames
                0x00001069       0x2a d:/program files (x86)/microchip/xc32/v1.33/bin/bin/../../lib/gcc/pic32mx/4.5.2/../../../../pic32mx/lib\libc.a(sprintf_cdfFnopuxX.eo)
 .debug_pubnames
                0x00001093       0x1c d:/program files (x86)/microchip/xc32/v1.33/bin/bin/../../lib/gcc/pic32mx/4.5.2/../../../../pic32mx/lib\libc.a(_fputc_simple.o)
 .debug_pubnames
                0x000010af       0x1e d:/program files (x86)/microchip/xc32/v1.33/bin/bin/../../lib/gcc/pic32mx/4.5.2/../../../../pic32mx/lib\libc.a(strcspn.o)
 .debug_pubnames
                0x000010cd       0x1d d:/program files (x86)/microchip/xc32/v1.33/bin/bin/../../lib/gcc/pic32mx/4.5.2/../../../../pic32mx/lib\libc.a(strspn.o)
 .debug_pubnames
                0x000010ea       0x1e d:/program files (x86)/microchip/xc32/v1.33/bin/bin/../../lib/gcc/pic32mx/4.5.2/../../../../pic32mx/lib\libc.a(_flsbuf_simple.o)
 .debug_pubnames
                0x00001108       0x1d d:/program files (x86)/microchip/xc32/v1.33/bin/bin/../../lib/gcc/pic32mx/4.5.2/../../../../pic32mx/lib\libc.a(strchr.o)
 .debug_pubnames
                0x00001125       0x1c d:/program files (x86)/microchip/xc32/v1.33/bin/bin/../../lib/gcc/pic32mx/4.5.2/../../../../pic32mx/lib\libpic32.a(write.o)
 .debug_pubnames
                0x00001141       0x22 d:/program files (x86)/microchip/xc32/v1.33/bin/bin/../../lib/gcc/pic32mx/4.5.2/../../../../pic32mx/lib\libe.a(_floatdisf.o)
 .debug_pubnames
                0x00001163       0x24 d:/program files (x86)/microchip/xc32/v1.33/bin/bin/../../lib/gcc/pic32mx/4.5.2\libgcc.a(_floatundisf.o)
 .debug_pubnames
                0x00001187       0x20 d:/program files (x86)/microchip/xc32/v1.33/bin/bin/../../lib/gcc/pic32mx/4.5.2\libgcc.a(_udivdi3.o)
 .debug_pubnames
                0x000011a7       0x20 d:/program files (x86)/microchip/xc32/v1.33/bin/bin/../../lib/gcc/pic32mx/4.5.2\libgcc.a(_umoddi3.o)
 .debug_pubnames
                0x000011c7       0x2c d:/program files (x86)/microchip/xc32/v1.33/bin/bin/../../lib/gcc/pic32mx/4.5.2/../../../../pic32mx/lib\libc.a(doprnt_cdfFnopsuxX.eo)

.debug_info     0x00000000     0xf5c6
 *(.debug_info .gnu.linkonce.wi.*)
 .debug_info    0x00000000      0xf72 build/default/production/AD.o
 .debug_info    0x00000f72     0x12cf build/default/production/BOARD.o
 .debug_info    0x00002241     0x1419 build/default/production/ES_Framework.o
 .debug_info    0x0000365a     0x1197 build/default/production/IO_Ports.o
 .debug_info    0x000047f1      0x846 build/default/production/RoachFrameworkEvents.o
 .debug_info    0x00005037      0x787 build/default/production/RoachHSM.o
 .debug_info    0x000057be      0x3da build/default/production/Stack.o
 .debug_info    0x00005b98      0x630 build/default/production/SubHSM_GetCrown.o
 .debug_info    0x000061c8      0x60f build/default/production/SubHSM_GetInside.o
 .debug_info    0x000067d7      0x480 build/default/production/SubHSM_GetOutMoat.o
 .debug_info    0x00006c57      0x722 build/default/production/SubHSM_GoBeacon1.o
 .debug_info    0x00007379      0x657 build/default/production/SubHSM_GoBeacon2.o
 .debug_info    0x000079d0      0x721 build/default/production/SubHSM_GoBeacon3.o
 .debug_info    0x000080f1      0xb42 build/default/production/SubHSM_LocateBackWall.o
 .debug_info    0x00008c33      0x685 build/default/production/SubHSM_Locate_Beacon.o
 .debug_info    0x000092b8      0x5e6 build/default/production/SubHSM_ReturnCrown.o
 .debug_info    0x0000989e      0xb55 build/default/production/pwm.o
 .debug_info    0x0000a3f3      0x770 build/default/production/roach.o
 .debug_info    0x0000ab63     0x1ded build/default/production/serial.o
 .debug_info    0x0000c950      0x31e build/default/production/RoachMain.o
 .debug_info    0x0000cc6e       0xae d:/program files (x86)/microchip/xc32/v1.33/bin/bin/../../lib/gcc/pic32mx/4.5.2/../../../../pic32mx/lib\libmchp_peripheral_32MX320F128H.a(int_configure_system_lib.o)
 .debug_info    0x0000cd1c       0xb0 d:/program files (x86)/microchip/xc32/v1.33/bin/bin/../../lib/gcc/pic32mx/4.5.2/../../../../pic32mx/lib\libmchp_peripheral_32MX320F128H.a(int_enable_interrupts_lib.o)
 .debug_info    0x0000cdcc      0x192 d:/program files (x86)/microchip/xc32/v1.33/bin/bin/../../lib/gcc/pic32mx/4.5.2/../../../../pic32mx/lib\libmchp_peripheral_32MX320F128H.a(int_tbl_lib.o)
 .debug_info    0x0000cf5e       0xa3 d:/program files (x86)/microchip/xc32/v1.33/bin/bin/../../lib/gcc/pic32mx/4.5.2/../../../../pic32mx/lib\libmchp_peripheral_32MX320F128H.a(power_sleep_lib.o)
 .debug_info    0x0000d001       0xb6 d:/program files (x86)/microchip/xc32/v1.33/bin/bin/../../lib/gcc/pic32mx/4.5.2/../../../../pic32mx/lib\libmchp_peripheral_32MX320F128H.a(port_set_pins_digital_in_lib.o)
 .debug_info    0x0000d0b7        0x0 d:/program files (x86)/microchip/xc32/v1.33/bin/bin/../../lib/gcc/pic32mx/4.5.2/../../../../pic32mx/lib\libmchp_peripheral_32MX320F128H.a(_ports_tbl_libp.o)
 .debug_info    0x0000d0b7      0x171 d:/program files (x86)/microchip/xc32/v1.33/bin/bin/../../lib/gcc/pic32mx/4.5.2/../../../../pic32mx/lib\libmchp_peripheral_32MX320F128H.a(uart_lib.o)
 .debug_info    0x0000d228       0xb2 d:/program files (x86)/microchip/xc32/v1.33/bin/bin/../../lib/gcc/pic32mx/4.5.2/../../../../pic32mx/lib\libmchp_peripheral_32MX320F128H.a(int_disable_interrupts_lib.o)
 .debug_info    0x0000d2da       0xb2 d:/program files (x86)/microchip/xc32/v1.33/bin/bin/../../lib/gcc/pic32mx/4.5.2/../../../../pic32mx/lib\libmchp_peripheral_32MX320F128H.a(int_restore_interrupts_lib.o)
 .debug_info    0x0000d38c      0x125 d:/program files (x86)/microchip/xc32/v1.33/bin/bin/../../lib/gcc/pic32mx/4.5.2\libgcc.a(floatunsisf.o)
 .debug_info    0x0000d4b1       0xe2 d:/program files (x86)/microchip/xc32/v1.33/bin/bin/../../lib/gcc/pic32mx/4.5.2/../../../../pic32mx/lib\libpic32.a(default-bootstrap-exception-handler.o)
 .debug_info    0x0000d593       0xbc d:/program files (x86)/microchip/xc32/v1.33/bin/bin/../../lib/gcc/pic32mx/4.5.2/../../../../pic32mx/lib\libpic32.a(default-on-reset.o)
 .debug_info    0x0000d64f       0xc4 d:/program files (x86)/microchip/xc32/v1.33/bin/bin/../../lib/gcc/pic32mx/4.5.2/../../../../pic32mx/lib\libpic32.a(default-on-bootstrap.o)
 .debug_info    0x0000d713       0xde d:/program files (x86)/microchip/xc32/v1.33/bin/bin/../../lib/gcc/pic32mx/4.5.2/../../../../pic32mx/lib\libpic32.a(default-general-exception-handler.o)
 .debug_info    0x0000d7f1       0xd6 d:/program files (x86)/microchip/xc32/v1.33/bin/bin/../../lib/gcc/pic32mx/4.5.2/../../../../pic32mx/lib\libpic32.a(defaultinterrupt.o)
 .debug_info    0x0000d8c7       0xb1 d:/program files (x86)/microchip/xc32/v1.33/bin/bin/../../lib/gcc/pic32mx/4.5.2/../../../../pic32mx/lib\libc.a(atoi.o)
 .debug_info    0x0000d978        0x0 d:/program files (x86)/microchip/xc32/v1.33/bin/bin/../../lib/gcc/pic32mx/4.5.2/../../../../pic32mx/lib\libc.a(ctype.o)
 .debug_info    0x0000d978       0xb7 d:/program files (x86)/microchip/xc32/v1.33/bin/bin/../../lib/gcc/pic32mx/4.5.2/../../../../pic32mx/lib\libc.a(putchar.o)
 .debug_info    0x0000da2f       0xc5 d:/program files (x86)/microchip/xc32/v1.33/bin/bin/../../lib/gcc/pic32mx/4.5.2/../../../../pic32mx/lib\libc.a(puts.o)
 .debug_info    0x0000daf4       0xb7 d:/program files (x86)/microchip/xc32/v1.33/bin/bin/../../lib/gcc/pic32mx/4.5.2/../../../../pic32mx/lib\libc.a(strncpy.o)
 .debug_info    0x0000dbab       0xb5 d:/program files (x86)/microchip/xc32/v1.33/bin/bin/../../lib/gcc/pic32mx/4.5.2/../../../../pic32mx/lib\libc.a(strtok.o)
 .debug_info    0x0000dc60       0xc0 d:/program files (x86)/microchip/xc32/v1.33/bin/bin/../../lib/gcc/pic32mx/4.5.2/../../../../pic32mx/lib\libc.a(printf_cdnopsuxX.eo)
 .debug_info    0x0000dd20       0xc3 d:/program files (x86)/microchip/xc32/v1.33/bin/bin/../../lib/gcc/pic32mx/4.5.2/../../../../pic32mx/lib\libc.a(sprintf_cdfFnopuxX.eo)
 .debug_info    0x0000dde3        0x0 d:/program files (x86)/microchip/xc32/v1.33/bin/bin/../../lib/gcc/pic32mx/4.5.2/../../../../pic32mx/lib\libc.a(_iob.o)
 .debug_info    0x0000dde3       0xb3 d:/program files (x86)/microchip/xc32/v1.33/bin/bin/../../lib/gcc/pic32mx/4.5.2/../../../../pic32mx/lib\libc.a(_fputc_simple.o)
 .debug_info    0x0000de96       0xb7 d:/program files (x86)/microchip/xc32/v1.33/bin/bin/../../lib/gcc/pic32mx/4.5.2/../../../../pic32mx/lib\libc.a(strcspn.o)
 .debug_info    0x0000df4d       0xb5 d:/program files (x86)/microchip/xc32/v1.33/bin/bin/../../lib/gcc/pic32mx/4.5.2/../../../../pic32mx/lib\libc.a(strspn.o)
 .debug_info    0x0000e002       0xb6 d:/program files (x86)/microchip/xc32/v1.33/bin/bin/../../lib/gcc/pic32mx/4.5.2/../../../../pic32mx/lib\libc.a(_flsbuf_simple.o)
 .debug_info    0x0000e0b8        0x0 d:/program files (x86)/microchip/xc32/v1.33/bin/bin/../../lib/gcc/pic32mx/4.5.2/../../../../pic32mx/lib\libc.a(powersf.o)
 .debug_info    0x0000e0b8       0xb5 d:/program files (x86)/microchip/xc32/v1.33/bin/bin/../../lib/gcc/pic32mx/4.5.2/../../../../pic32mx/lib\libc.a(strchr.o)
 .debug_info    0x0000e16d       0xad d:/program files (x86)/microchip/xc32/v1.33/bin/bin/../../lib/gcc/pic32mx/4.5.2/../../../../pic32mx/lib\libpic32.a(write.o)
 .debug_info    0x0000e21a       0xcb d:/program files (x86)/microchip/xc32/v1.33/bin/bin/../../lib/gcc/pic32mx/4.5.2/../../../../pic32mx/lib\libe.a(_floatdisf.o)
 .debug_info    0x0000e2e5      0x2c2 d:/program files (x86)/microchip/xc32/v1.33/bin/bin/../../lib/gcc/pic32mx/4.5.2\libgcc.a(_floatundisf.o)
 .debug_info    0x0000e5a7      0x782 d:/program files (x86)/microchip/xc32/v1.33/bin/bin/../../lib/gcc/pic32mx/4.5.2\libgcc.a(_udivdi3.o)
 .debug_info    0x0000ed29      0x7b8 d:/program files (x86)/microchip/xc32/v1.33/bin/bin/../../lib/gcc/pic32mx/4.5.2\libgcc.a(_umoddi3.o)
 .debug_info    0x0000f4e1       0xe5 d:/program files (x86)/microchip/xc32/v1.33/bin/bin/../../lib/gcc/pic32mx/4.5.2/../../../../pic32mx/lib\libc.a(doprnt_cdfFnopsuxX.eo)

.debug_abbrev   0x00000000     0x233b
 *(.debug_abbrev)
 .debug_abbrev  0x00000000      0x17d build/default/production/AD.o
 .debug_abbrev  0x0000017d      0x1dc build/default/production/BOARD.o
 .debug_abbrev  0x00000359      0x2a6 build/default/production/ES_Framework.o
 .debug_abbrev  0x000005ff      0x19b build/default/production/IO_Ports.o
 .debug_abbrev  0x0000079a      0x17a build/default/production/RoachFrameworkEvents.o
 .debug_abbrev  0x00000914      0x1b8 build/default/production/RoachHSM.o
 .debug_abbrev  0x00000acc       0xc2 build/default/production/Stack.o
 .debug_abbrev  0x00000b8e       0xff build/default/production/SubHSM_GetCrown.o
 .debug_abbrev  0x00000c8d       0xd5 build/default/production/SubHSM_GetInside.o
 .debug_abbrev  0x00000d62       0xd5 build/default/production/SubHSM_GetOutMoat.o
 .debug_abbrev  0x00000e37       0xf7 build/default/production/SubHSM_GoBeacon1.o
 .debug_abbrev  0x00000f2e       0xd5 build/default/production/SubHSM_GoBeacon2.o
 .debug_abbrev  0x00001003       0xf7 build/default/production/SubHSM_GoBeacon3.o
 .debug_abbrev  0x000010fa      0x1b0 build/default/production/SubHSM_LocateBackWall.o
 .debug_abbrev  0x000012aa       0xd5 build/default/production/SubHSM_Locate_Beacon.o
 .debug_abbrev  0x0000137f      0x123 build/default/production/SubHSM_ReturnCrown.o
 .debug_abbrev  0x000014a2      0x198 build/default/production/pwm.o
 .debug_abbrev  0x0000163a      0x1eb build/default/production/roach.o
 .debug_abbrev  0x00001825      0x292 build/default/production/serial.o
 .debug_abbrev  0x00001ab7       0xfd build/default/production/RoachMain.o
 .debug_abbrev  0x00001bb4       0x23 d:/program files (x86)/microchip/xc32/v1.33/bin/bin/../../lib/gcc/pic32mx/4.5.2/../../../../pic32mx/lib\libmchp_peripheral_32MX320F128H.a(int_configure_system_lib.o)
 .debug_abbrev  0x00001bd7       0x23 d:/program files (x86)/microchip/xc32/v1.33/bin/bin/../../lib/gcc/pic32mx/4.5.2/../../../../pic32mx/lib\libmchp_peripheral_32MX320F128H.a(int_enable_interrupts_lib.o)
 .debug_abbrev  0x00001bfa       0x23 d:/program files (x86)/microchip/xc32/v1.33/bin/bin/../../lib/gcc/pic32mx/4.5.2/../../../../pic32mx/lib\libmchp_peripheral_32MX320F128H.a(int_tbl_lib.o)
 .debug_abbrev  0x00001c1d       0x23 d:/program files (x86)/microchip/xc32/v1.33/bin/bin/../../lib/gcc/pic32mx/4.5.2/../../../../pic32mx/lib\libmchp_peripheral_32MX320F128H.a(power_sleep_lib.o)
 .debug_abbrev  0x00001c40       0x23 d:/program files (x86)/microchip/xc32/v1.33/bin/bin/../../lib/gcc/pic32mx/4.5.2/../../../../pic32mx/lib\libmchp_peripheral_32MX320F128H.a(port_set_pins_digital_in_lib.o)
 .debug_abbrev  0x00001c63        0x1 d:/program files (x86)/microchip/xc32/v1.33/bin/bin/../../lib/gcc/pic32mx/4.5.2/../../../../pic32mx/lib\libmchp_peripheral_32MX320F128H.a(_ports_tbl_libp.o)
 .debug_abbrev  0x00001c64       0x36 d:/program files (x86)/microchip/xc32/v1.33/bin/bin/../../lib/gcc/pic32mx/4.5.2/../../../../pic32mx/lib\libmchp_peripheral_32MX320F128H.a(uart_lib.o)
 .debug_abbrev  0x00001c9a       0x23 d:/program files (x86)/microchip/xc32/v1.33/bin/bin/../../lib/gcc/pic32mx/4.5.2/../../../../pic32mx/lib\libmchp_peripheral_32MX320F128H.a(int_disable_interrupts_lib.o)
 .debug_abbrev  0x00001cbd       0x23 d:/program files (x86)/microchip/xc32/v1.33/bin/bin/../../lib/gcc/pic32mx/4.5.2/../../../../pic32mx/lib\libmchp_peripheral_32MX320F128H.a(int_restore_interrupts_lib.o)
 .debug_abbrev  0x00001ce0       0x5f d:/program files (x86)/microchip/xc32/v1.33/bin/bin/../../lib/gcc/pic32mx/4.5.2\libgcc.a(floatunsisf.o)
 .debug_abbrev  0x00001d3f       0x25 d:/program files (x86)/microchip/xc32/v1.33/bin/bin/../../lib/gcc/pic32mx/4.5.2/../../../../pic32mx/lib\libpic32.a(default-bootstrap-exception-handler.o)
 .debug_abbrev  0x00001d64       0x25 d:/program files (x86)/microchip/xc32/v1.33/bin/bin/../../lib/gcc/pic32mx/4.5.2/../../../../pic32mx/lib\libpic32.a(default-on-reset.o)
 .debug_abbrev  0x00001d89       0x25 d:/program files (x86)/microchip/xc32/v1.33/bin/bin/../../lib/gcc/pic32mx/4.5.2/../../../../pic32mx/lib\libpic32.a(default-on-bootstrap.o)
 .debug_abbrev  0x00001dae       0x25 d:/program files (x86)/microchip/xc32/v1.33/bin/bin/../../lib/gcc/pic32mx/4.5.2/../../../../pic32mx/lib\libpic32.a(default-general-exception-handler.o)
 .debug_abbrev  0x00001dd3       0x25 d:/program files (x86)/microchip/xc32/v1.33/bin/bin/../../lib/gcc/pic32mx/4.5.2/../../../../pic32mx/lib\libpic32.a(defaultinterrupt.o)
 .debug_abbrev  0x00001df8       0x25 d:/program files (x86)/microchip/xc32/v1.33/bin/bin/../../lib/gcc/pic32mx/4.5.2/../../../../pic32mx/lib\libc.a(atoi.o)
 .debug_abbrev  0x00001e1d        0x1 d:/program files (x86)/microchip/xc32/v1.33/bin/bin/../../lib/gcc/pic32mx/4.5.2/../../../../pic32mx/lib\libc.a(ctype.o)
 .debug_abbrev  0x00001e1e       0x25 d:/program files (x86)/microchip/xc32/v1.33/bin/bin/../../lib/gcc/pic32mx/4.5.2/../../../../pic32mx/lib\libc.a(putchar.o)
 .debug_abbrev  0x00001e43       0x25 d:/program files (x86)/microchip/xc32/v1.33/bin/bin/../../lib/gcc/pic32mx/4.5.2/../../../../pic32mx/lib\libc.a(puts.o)
 .debug_abbrev  0x00001e68       0x25 d:/program files (x86)/microchip/xc32/v1.33/bin/bin/../../lib/gcc/pic32mx/4.5.2/../../../../pic32mx/lib\libc.a(strncpy.o)
 .debug_abbrev  0x00001e8d       0x25 d:/program files (x86)/microchip/xc32/v1.33/bin/bin/../../lib/gcc/pic32mx/4.5.2/../../../../pic32mx/lib\libc.a(strtok.o)
 .debug_abbrev  0x00001eb2       0x25 d:/program files (x86)/microchip/xc32/v1.33/bin/bin/../../lib/gcc/pic32mx/4.5.2/../../../../pic32mx/lib\libc.a(printf_cdnopsuxX.eo)
 .debug_abbrev  0x00001ed7       0x25 d:/program files (x86)/microchip/xc32/v1.33/bin/bin/../../lib/gcc/pic32mx/4.5.2/../../../../pic32mx/lib\libc.a(sprintf_cdfFnopuxX.eo)
 .debug_abbrev  0x00001efc        0x1 d:/program files (x86)/microchip/xc32/v1.33/bin/bin/../../lib/gcc/pic32mx/4.5.2/../../../../pic32mx/lib\libc.a(_iob.o)
 .debug_abbrev  0x00001efd       0x25 d:/program files (x86)/microchip/xc32/v1.33/bin/bin/../../lib/gcc/pic32mx/4.5.2/../../../../pic32mx/lib\libc.a(_fputc_simple.o)
 .debug_abbrev  0x00001f22       0x25 d:/program files (x86)/microchip/xc32/v1.33/bin/bin/../../lib/gcc/pic32mx/4.5.2/../../../../pic32mx/lib\libc.a(strcspn.o)
 .debug_abbrev  0x00001f47       0x25 d:/program files (x86)/microchip/xc32/v1.33/bin/bin/../../lib/gcc/pic32mx/4.5.2/../../../../pic32mx/lib\libc.a(strspn.o)
 .debug_abbrev  0x00001f6c       0x25 d:/program files (x86)/microchip/xc32/v1.33/bin/bin/../../lib/gcc/pic32mx/4.5.2/../../../../pic32mx/lib\libc.a(_flsbuf_simple.o)
 .debug_abbrev  0x00001f91        0x1 d:/program files (x86)/microchip/xc32/v1.33/bin/bin/../../lib/gcc/pic32mx/4.5.2/../../../../pic32mx/lib\libc.a(powersf.o)
 .debug_abbrev  0x00001f92       0x25 d:/program files (x86)/microchip/xc32/v1.33/bin/bin/../../lib/gcc/pic32mx/4.5.2/../../../../pic32mx/lib\libc.a(strchr.o)
 .debug_abbrev  0x00001fb7       0x25 d:/program files (x86)/microchip/xc32/v1.33/bin/bin/../../lib/gcc/pic32mx/4.5.2/../../../../pic32mx/lib\libpic32.a(write.o)
 .debug_abbrev  0x00001fdc       0x32 d:/program files (x86)/microchip/xc32/v1.33/bin/bin/../../lib/gcc/pic32mx/4.5.2/../../../../pic32mx/lib\libe.a(_floatdisf.o)
 .debug_abbrev  0x0000200e       0x79 d:/program files (x86)/microchip/xc32/v1.33/bin/bin/../../lib/gcc/pic32mx/4.5.2\libgcc.a(_floatundisf.o)
 .debug_abbrev  0x00002087      0x132 d:/program files (x86)/microchip/xc32/v1.33/bin/bin/../../lib/gcc/pic32mx/4.5.2\libgcc.a(_udivdi3.o)
 .debug_abbrev  0x000021b9      0x13f d:/program files (x86)/microchip/xc32/v1.33/bin/bin/../../lib/gcc/pic32mx/4.5.2\libgcc.a(_umoddi3.o)
 .debug_abbrev  0x000022f8       0x43 d:/program files (x86)/microchip/xc32/v1.33/bin/bin/../../lib/gcc/pic32mx/4.5.2/../../../../pic32mx/lib\libc.a(doprnt_cdfFnopsuxX.eo)

.debug_line     0x00000000     0x4496
 *(.debug_line)
 .debug_line    0x00000000      0x2a3 build/default/production/AD.o
 .debug_line    0x000002a3      0x1fd build/default/production/BOARD.o
 .debug_line    0x000004a0      0x379 build/default/production/ES_Framework.o
 .debug_line    0x00000819      0x1fe build/default/production/IO_Ports.o
 .debug_line    0x00000a17      0x219 build/default/production/RoachFrameworkEvents.o
 .debug_line    0x00000c30      0x315 build/default/production/RoachHSM.o
 .debug_line    0x00000f45      0x12b build/default/production/Stack.o
 .debug_line    0x00001070      0x2e4 build/default/production/SubHSM_GetCrown.o
 .debug_line    0x00001354      0x2cd build/default/production/SubHSM_GetInside.o
 .debug_line    0x00001621      0x175 build/default/production/SubHSM_GetOutMoat.o
 .debug_line    0x00001796      0x3f5 build/default/production/SubHSM_GoBeacon1.o
 .debug_line    0x00001b8b      0x323 build/default/production/SubHSM_GoBeacon2.o
 .debug_line    0x00001eae      0x3e9 build/default/production/SubHSM_GoBeacon3.o
 .debug_line    0x00002297      0x3a6 build/default/production/SubHSM_LocateBackWall.o
 .debug_line    0x0000263d      0x31b build/default/production/SubHSM_Locate_Beacon.o
 .debug_line    0x00002958      0x1b7 build/default/production/SubHSM_ReturnCrown.o
 .debug_line    0x00002b0f      0x27c build/default/production/pwm.o
 .debug_line    0x00002d8b      0x208 build/default/production/roach.o
 .debug_line    0x00002f93      0x2bd build/default/production/serial.o
 .debug_line    0x00003250       0xfd build/default/production/RoachMain.o
 .debug_line    0x0000334d       0x71 d:/program files (x86)/microchip/xc32/v1.33/bin/bin/../../lib/gcc/pic32mx/4.5.2/../../../../pic32mx/lib\libmchp_peripheral_32MX320F128H.a(int_configure_system_lib.o)
 .debug_line    0x000033be       0x72 d:/program files (x86)/microchip/xc32/v1.33/bin/bin/../../lib/gcc/pic32mx/4.5.2/../../../../pic32mx/lib\libmchp_peripheral_32MX320F128H.a(int_enable_interrupts_lib.o)
 .debug_line    0x00003430       0x64 d:/program files (x86)/microchip/xc32/v1.33/bin/bin/../../lib/gcc/pic32mx/4.5.2/../../../../pic32mx/lib\libmchp_peripheral_32MX320F128H.a(int_tbl_lib.o)
 .debug_line    0x00003494       0x6a d:/program files (x86)/microchip/xc32/v1.33/bin/bin/../../lib/gcc/pic32mx/4.5.2/../../../../pic32mx/lib\libmchp_peripheral_32MX320F128H.a(power_sleep_lib.o)
 .debug_line    0x000034fe       0x77 d:/program files (x86)/microchip/xc32/v1.33/bin/bin/../../lib/gcc/pic32mx/4.5.2/../../../../pic32mx/lib\libmchp_peripheral_32MX320F128H.a(port_set_pins_digital_in_lib.o)
 .debug_line    0x00003575        0x0 d:/program files (x86)/microchip/xc32/v1.33/bin/bin/../../lib/gcc/pic32mx/4.5.2/../../../../pic32mx/lib\libmchp_peripheral_32MX320F128H.a(_ports_tbl_libp.o)
 .debug_line    0x00003575       0x62 d:/program files (x86)/microchip/xc32/v1.33/bin/bin/../../lib/gcc/pic32mx/4.5.2/../../../../pic32mx/lib\libmchp_peripheral_32MX320F128H.a(uart_lib.o)